# NEW LOG
# format=bGeigieZen 3.3.9 beta-zen/drives
# deadtime=on
# Mode: Drive
$BNRDD,5167,2000-01-01T00:00:00Z,51,6,7,V,0000.0000,N,0000.0000,E,0.0,V,0,0*77
$BNRDD,5167,2000-01-01T00:00:00Z,50,3,12,V,0000.0000,N,0000.0000,E,0.0,V,0,0*47
$BNRDD,5167,2000-01-01T00:00:00Z,50,4,16,V,0000.0000,N,0000.0000,E,0.0,V,0,0*44
$BNRDD,5167,2000-01-01T00:00:00Z,52,6,22,V,0000.0000,N,0000.0000,E,0.0,V,0,0*43
$BNRDD,5167,2000-01-01T00:00:00Z,60,7,29,V,0000.0000,N,0000.0000,E,0.0,V,0,0*48
$BNRDD,5167,2000-01-01T00:00:00Z,60,5,34,V,0000.0000,N,0000.0000,E,0.0,V,0,0*46
$BNRDD,5167,2000-01-01T00:00:00Z,58,4,38,V,0000.0000,N,0000.0000,E,0.0,V,0,0*40
$BNRDD,5167,2000-01-01T00:00:00Z,57,3,41,V,0000.0000,N,0000.0000,E,0.0,V,0,0*46
$BNRDD,5167,2000-01-01T00:00:00Z,52,2,43,V,0000.0000,N,0000.0000,E,0.0,V,0,0*40
$BNRDD,5167,2000-01-01T00:00:00Z,49,3,46,V,0000.0000,N,0000.0000,E,0.0,V,0,0*4E
$BNRDD,5167,2000-01-01T00:00:00Z,54,9,55,V,0000.0000,N,0000.0000,E,0.0,V,0,0*4A
$BNRDD,5167,2000-01-01T00:00:00Z,59,5,60,A,0000.0000,N,0000.0000,E,0.0,V,0,0*5A
$BNRDD,5167,2000-01-01T00:00:00Z,58,7,67,A,0000.0000,N,0000.0000,E,0.0,V,0,0*5E
$BNRDD,5167,2000-01-01T00:00:00Z,59,4,71,A,0000.0000,N,0000.0000,E,0.0,V,0,0*5B
$BNRDD,5167,2000-01-01T00:00:00Z,59,4,75,A,0000.0000,N,0000.0000,E,0.0,V,0,0*5F
$BNRDD,5167,2000-01-01T00:00:00Z,60,7,82,A,0000.0000,N,0000.0000,E,0.0,V,0,0*5E
$BNRDD,5167,2000-01-01T00:00:00Z,58,5,87,A,0000.0000,N,0000.0000,E,0.0,V,0,0*52
$BNRDD,5167,2000-01-01T00:00:00Z,53,0,87,A,0000.0000,N,0000.0000,E,0.0,V,0,0*5C
$BNRDD,5167,2000-01-01T00:00:00Z,55,6,93,A,0000.0000,N,0000.0000,E,0.0,V,0,0*59
$BNRDD,5167,2000-01-01T00:00:00Z,54,2,95,A,0000.0000,N,0000.0000,E,0.0,V,0,0*5A
$BNRDD,5167,2000-01-01T00:00:00Z,55,3,98,A,0000.0000,N,0000.0000,E,0.0,V,0,0*57
$BNRDD,5167,2000-01-01T00:00:00Z,56,4,102,A,0000.0000,N,0000.0000,E,0.0,V,0,0*61
$BNRDD,5167,2000-01-01T00:00:00Z,48,1,103,A,0000.0000,N,0000.0000,E,0.0,V,0,0*6A
$BNRDD,5167,2000-01-01T00:00:00Z,45,2,105,A,0000.0000,N,0000.0000,E,0.0,V,0,0*62
$BNRDD,5167,2000-01-01T00:00:00Z,46,8,113,A,0000.0000,N,0000.0000,E,0.0,V,0,0*6C
$BNRDD,5167,2000-01-01T00:00:00Z,45,3,116,A,0000.0000,N,0000.0000,E,0.0,V,0,0*61
$BNRDD,5167,2000-01-01T00:00:00Z,47,6,122,A,0000.0000,N,0000.0000,E,0.0,V,0,0*61
$BNRDD,5167,2000-01-01T00:00:00Z,46,6,128,A,0000.0000,N,0000.0000,E,0.0,V,0,0*6A
$BNRDD,5167,2000-01-01T00:00:00Z,43,2,130,A,0000.0000,N,0000.0000,E,0.0,V,0,0*62
$BNRDD,5167,2000-01-01T00:00:00Z,49,6,136,A,0000.0000,N,0000.0000,E,0.0,V,0,0*6A
$BNRDD,5167,2000-01-01T00:00:00Z,49,6,142,A,0000.0000,N,0000.0000,E,0.0,V,0,0*69
$BNRDD,5167,2000-01-01T00:00:00Z,49,2,144,A,0000.0000,N,0000.0000,E,0.0,V,0,0*6B
$BNRDD,5167,2000-01-01T00:00:00Z,55,9,153,A,0000.0000,N,0000.0000,E,0.0,V,0,0*6B
$BNRDD,5167,2000-01-01T00:00:00Z,54,3,156,A,0000.0000,N,0000.0000,E,0.0,V,0,0*65
$BNRDD,5167,2000-01-01T00:00:00Z,54,1,157,A,0000.0000,N,0000.0000,E,0.0,V,0,0*66
$BNRDD,5167,2000-01-01T00:00:00Z,55,3,160,A,0000.0000,N,0000.0000,E,0.0,V,0,0*61
$BNRDD,5167,2000-01-01T00:00:00Z,50,3,163,A,0000.0000,N,0000.0000,E,0.0,V,0,0*67
$BNRDD,5167,2000-01-01T00:00:00Z,55,8,171,A,0000.0000,N,0000.0000,E,0.0,V,0,0*6A
$BNRDD,5167,2000-01-01T00:00:00Z,51,2,173,A,0000.0000,N,0000.0000,E,0.0,V,0,0*66
$BNRDD,5167,2000-01-01T00:00:00Z,50,5,178,A,0000.0000,N,0000.0000,E,0.0,V,0,0*6B
$BNRDD,5167,2000-01-01T00:00:00Z,53,5,183,A,0000.0000,N,0000.0000,E,0.0,V,0,0*6C
$BNRDD,5167,2000-01-01T00:00:00Z,54,7,190,A,0000.0000,N,0000.0000,E,0.0,V,0,0*6B
$BNRDD,5167,2000-01-01T00:00:00Z,50,2,192,A,0000.0000,N,0000.0000,E,0.0,V,0,0*68
$BNRDD,5167,2000-01-01T00:00:00Z,49,1,193,A,0000.0000,N,0000.0000,E,0.0,V,0,0*62
$BNRDD,5167,2000-01-01T00:00:00Z,41,1,194,A,0000.0000,N,0000.0000,E,0.0,V,0,0*6D
$BNRDD,5167,2000-01-01T00:00:00Z,41,3,197,A,0000.0000,N,0000.0000,E,0.0,V,0,0*6C
$BNRDD,5167,2000-01-01T00:00:00Z,46,6,203,A,0000.0000,N,0000.0000,E,0.0,V,0,0*60
$BNRDD,5167,2000-01-01T00:00:00Z,50,7,210,A,0000.0000,N,0000.0000,E,0.0,V,0,0*64
$BNRDD,5167,2000-01-01T00:00:00Z,53,6,216,A,0000.0000,N,0000.0000,E,0.0,V,0,0*60
$BNRDD,5167,2000-01-01T00:00:00Z,48,3,219,A,0000.0000,N,0000.0000,E,0.0,V,0,0*60
$BNRDD,5167,2000-01-01T00:00:00Z,53,7,226,A,0000.0000,N,0000.0000,E,0.0,V,0,0*62
$BNRDD,5167,2000-01-01T00:00:00Z,52,4,230,A,0000.0000,N,0000.0000,E,0.0,V,0,0*67
$BNRDD,5167,2000-01-01T00:00:00Z,51,4,234,A,0000.0000,N,0000.0000,E,0.0,V,0,0*60
$BNRDD,5167,2000-01-01T00:00:00Z,47,3,237,A,0000.0000,N,0000.0000,E,0.0,V,0,0*63
$BNRDD,5167,2000-01-01T00:00:00Z,50,5,242,A,0000.0000,N,0000.0000,E,0.0,V,0,0*61
$BNRDD,5167,2000-01-01T00:00:00Z,53,4,246,A,0000.0000,N,0000.0000,E,0.0,V,0,0*67
$BNRDD,5167,2000-01-01T00:00:00Z,57,5,251,A,0000.0000,N,0000.0000,E,0.0,V,0,0*64
$BNRDD,5167,2000-01-01T00:00:00Z,56,2,253,A,0000.0000,N,0000.0000,E,0.0,V,0,0*60
$BNRDD,5167,2000-01-01T00:00:00Z,55,5,258,A,0000.0000,N,0000.0000,E,0.0,V,0,0*6F
$BNRDD,5167,2000-01-01T00:00:00Z,56,8,266,A,0000.0000,N,0000.0000,E,0.0,V,0,0*6C
$BNRDD,5167,2000-01-01T00:00:00Z,57,7,273,A,0000.0000,N,0000.0000,E,0.0,V,0,0*66
$BNRDD,5167,2000-01-01T00:00:00Z,57,3,276,A,0000.0000,N,0000.0000,E,0.0,V,0,0*67
$BNRDD,5167,2000-01-01T00:00:00Z,56,6,282,A,0000.0000,N,0000.0000,E,0.0,V,0,0*68
$BNRDD,5167,2000-01-01T00:00:00Z,56,4,286,A,0000.0000,N,0000.0000,E,0.0,V,0,0*6E
$BNRDD,5167,2000-01-01T00:00:00Z,52,0,286,A,0000.0000,N,0000.0000,E,0.0,V,0,0*6E
$BNRDD,5167,2000-01-01T00:00:00Z,56,7,293,A,0000.0000,N,0000.0000,E,0.0,V,0,0*69
$BNRDD,5167,2000-01-01T00:00:00Z,54,3,296,A,0000.0000,N,0000.0000,E,0.0,V,0,0*6A
$BNRDD,5167,2000-01-01T00:00:00Z,55,5,301,A,0000.0000,N,0000.0000,E,0.0,V,0,0*62
$BNRDD,5167,2000-01-01T00:00:00Z,54,4,305,A,0000.0000,N,0000.0000,E,0.0,V,0,0*66
$BNRDD,5167,2000-01-01T00:00:00Z,58,6,311,A,0000.0000,N,0000.0000,E,0.0,V,0,0*6D
$BNRDD,5167,2000-01-01T00:00:00Z,56,3,314,A,0000.0000,N,0000.0000,E,0.0,V,0,0*63
$BNRDD,5167,2000-01-01T00:00:00Z,49,1,315,A,0000.0000,N,0000.0000,E,0.0,V,0,0*6E
$BNRDD,5167,2000-01-01T00:00:00Z,45,3,318,A,0000.0000,N,0000.0000,E,0.0,V,0,0*6D
$BNRDD,5167,2000-01-01T00:00:00Z,46,4,322,A,0000.0000,N,0000.0000,E,0.0,V,0,0*60
$BNRDD,5167,2000-01-01T00:00:00Z,44,4,326,A,0000.0000,N,0000.0000,E,0.0,V,0,0*66
$BNRDD,5167,2000-01-01T00:00:00Z,42,2,328,A,0000.0000,N,0000.0000,E,0.0,V,0,0*68
$BNRDD,5167,2000-01-01T00:00:00Z,48,6,334,A,0000.0000,N,0000.0000,E,0.0,V,0,0*6B
$BNRDD,5167,2000-01-01T00:00:00Z,48,7,341,A,0000.0000,N,0000.0000,E,0.0,V,0,0*68
$BNRDD,5167,2000-01-01T00:00:00Z,47,2,343,A,0000.0000,N,0000.0000,E,0.0,V,0,0*60
$BNRDD,5167,2000-01-01T00:00:00Z,50,8,351,A,0000.0000,N,0000.0000,E,0.0,V,0,0*6F
$BNRDD,5167,2000-01-01T00:00:00Z,51,5,356,A,0000.0000,N,0000.0000,E,0.0,V,0,0*64
$BNRDD,5167,2000-01-01T00:00:00Z,46,1,357,A,0000.0000,N,0000.0000,E,0.0,V,0,0*67
$BNRDD,5167,2000-01-01T00:00:00Z,45,2,359,A,0000.0000,N,0000.0000,E,0.0,V,0,0*69
$BNRDD,5167,2000-01-01T00:00:00Z,48,4,363,A,0000.0000,N,0000.0000,E,0.0,V,0,0*6B
$BNRDD,5167,2000-01-01T00:00:00Z,48,3,366,A,0000.0000,N,0000.0000,E,0.0,V,0,0*69
$BNRDD,5167,2000-01-01T00:00:00Z,47,3,369,A,0000.0000,N,0000.0000,E,0.0,V,0,0*69
$BNRDD,5167,2000-01-01T03:53:58Z,47,4,373,A,0000.0000,N,0000.0000,E,0.0,V,0,0*6D
$BNRDD,5167,2000-01-01T03:54:03Z,48,3,376,A,0000.0000,N,0000.0000,E,0.0,V,0,0*69
$BNRDD,5167,2000-01-01T03:54:08Z,48,6,382,A,0000.0000,N,0000.0000,E,0.0,V,0,0*6C
$BNRDD,5167,2000-01-01T03:54:13Z,43,2,384,A,0000.0000,N,0000.0000,E,0.0,V,0,0*6F
$BNRDD,5167,2026-05-24T03:54:18Z,45,4,388,A,0000.0000,N,0000.0000,E,0.0,V,0,0*6F
$BNRDD,5167,2026-05-24T03:54:23Z,41,4,392,A,0000.0000,N,0000.0000,E,0.0,V,0,0*68
$BNRDD,5167,2026-05-24T03:54:28Z,40,4,396,A,0000.0000,N,0000.0000,E,0.0,V,0,0*66
$BNRDD,5167,2026-05-24T03:54:33Z,49,10,406,A,0000.0000,N,0000.0000,E,0.0,V,0,0*5E
$BNRDD,5167,2026-05-24T03:54:38Z,51,4,410,A,0000.0000,N,0000.0000,E,0.0,V,0,0*6E
$BNRDD,5167,2026-05-24T03:54:43Z,47,0,410,A,0000.0000,N,0000.0000,E,0.0,V,0,0*61
$BNRDD,5167,2026-05-24T03:54:48Z,46,2,412,A,0000.0000,N,0000.0000,E,0.0,V,0,0*6B
$BNRDD,5167,2026-05-24T03:54:53Z,51,8,420,A,0000.0000,N,0000.0000,E,0.0,V,0,0*6C
$BNRDD,5167,2026-05-24T03:54:58Z,54,7,427,A,0000.0000,N,0000.0000,E,0.0,V,0,0*6A
$BNRDD,5167,2026-05-24T03:55:03Z,53,2,429,A,0000.0000,N,0000.0000,E,0.0,V,0,0*69
$BNRDD,5167,2026-05-24T03:55:08Z,49,2,431,A,0000.0000,N,0000.0000,E,0.0,V,0,0*60
$BNRDD,5167,2026-05-24T03:55:13Z,48,1,432,A,0000.0000,N,0000.0000,E,0.0,V,0,0*6B
$BNRDD,5167,2026-05-24T03:55:18Z,46,2,434,A,0000.0000,N,0000.0000,E,0.0,V,0,0*6B
$BNRDD,5167,2026-05-24T03:55:23Z,44,2,436,A,0000.0000,N,0000.0000,E,0.0,V,0,0*63
$BNRDD,5167,2026-05-24T03:55:28Z,44,4,440,A,0000.0000,N,0000.0000,E,0.0,V,0,0*6F
$BNRDD,5167,2026-05-24T03:55:33Z,37,3,443,A,0000.0000,N,0000.0000,E,0.0,V,0,0*65
$BNRDD,5167,2026-05-24T03:55:38Z,36,3,446,A,0000.0000,N,0000.0000,E,0.0,V,0,0*6A
$BNRDD,5167,2026-05-24T03:55:43Z,41,5,451,A,0000.0000,N,0000.0000,E,0.0,V,0,0*66
$BNRDD,5167,2026-05-24T03:55:48Z,40,1,452,A,0000.0000,N,0000.0000,E,0.0,V,0,0*6B
$BNRDD,5167,2026-05-24T03:55:53Z,36,4,456,A,0000.0000,N,0000.0000,E,0.0,V,0,0*61
$BNRDD,5167,2026-05-24T03:55:58Z,33,4,460,A,0000.0000,N,0000.0000,E,0.0,V,0,0*6A
$BNRDD,5167,2026-05-24T03:56:03Z,34,3,463,A,0000.0000,N,0000.0000,E,0.0,V,0,0*64
$BNRDD,5167,2026-05-24T03:56:08Z,34,2,465,A,0000.0000,N,0000.0000,E,0.0,V,0,0*68
$BNRDD,5167,2026-05-24T03:56:13Z,38,5,470,A,0000.0000,N,0000.0000,E,0.0,V,0,0*6D
$BNRDD,5167,2026-05-24T03:56:18Z,37,1,471,A,0000.0000,N,0000.0000,E,0.0,V,0,0*6C
$BNRDD,5167,2026-05-24T03:56:23Z,41,6,477,A,0000.0000,N,0000.0000,E,0.0,V,0,0*64
$BNRDD,5167,2026-05-24T03:56:28Z,39,2,479,A,0000.0000,N,0000.0000,E,0.0,V,0,0*6A
$BNRDD,5167,2026-05-24T03:56:33Z,40,4,483,A,0000.0000,N,0000.0000,E,0.0,V,0,0*6D
$BNRDD,5167,2026-05-24T03:56:38Z,38,1,484,A,0000.0000,N,0000.0000,E,0.0,V,0,0*6B
$BNRDD,5167,2026-05-24T03:56:43Z,37,4,488,A,0000.0000,N,0000.0000,E,0.0,V,0,0*61
$BNRDD,5167,2026-05-24T03:56:48Z,41,5,493,A,0000.0000,N,0000.0000,E,0.0,V,0,0*60
$BNRDD,5167,2026-05-24T03:56:53Z,38,1,494,A,0000.0000,N,0000.0000,E,0.0,V,0,0*67
$BNRDD,5167,2026-05-24T03:56:58Z,39,5,499,A,0000.0000,N,0000.0000,E,0.0,V,0,0*64
$BNRDD,5167,2026-05-24T03:57:03Z,38,2,501,A,0000.0000,N,0000.0000,E,0.0,V,0,0*6D
$BNRDD,5167,2026-05-24T03:57:08Z,38,2,503,A,0000.0000,N,0000.0000,E,0.0,V,0,0*64
$BNRDD,5167,2026-05-24T03:57:13Z,39,6,509,A,0000.0000,N,0000.0000,E,0.0,V,0,0*61
$BNRDD,5167,2026-05-24T03:57:18Z,41,3,512,A,0000.0000,N,0000.0000,E,0.0,V,0,0*6A
$BNRDD,5167,2026-05-24T03:57:23Z,37,2,514,A,0000.0000,N,0000.0000,E,0.0,V,0,0*64
$BNRDD,5167,2026-05-24T03:57:28Z,40,5,519,A,0000.0000,N,0000.0000,E,0.0,V,0,0*65
$BNRDD,5167,2026-05-24T03:57:33Z,38,2,521,A,0000.0000,N,0000.0000,E,0.0,V,0,0*6C
$BNRDD,5167,2026-05-24T03:57:38Z,38,1,522,A,0000.0000,N,0000.0000,E,0.0,V,0,0*67
$BNRDD,5167,2026-05-24T03:57:43Z,40,6,528,A,0000.0000,N,0000.0000,E,0.0,V,0,0*69
$BNRDD,5167,2026-05-24T03:57:48Z,39,4,532,A,0000.0000,N,0000.0000,E,0.0,V,0,0*65
$BNRDD,5167,2026-05-24T03:57:53Z,43,5,537,A,0000.0000,N,0000.0000,E,0.0,V,0,0*66
$BNRDD,5167,2026-05-24T03:57:58Z,39,1,538,A,0000.0000,N,0000.0000,E,0.0,V,0,0*6B
$BNRDD,5167,2026-05-24T03:58:03Z,39,2,540,A,0000.0000,N,0000.0000,E,0.0,V,0,0*66
$BNRDD,5167,2026-05-24T03:58:08Z,37,0,540,A,0000.0000,N,0000.0000,E,0.0,V,0,0*61
$BNRDD,5167,2026-05-24T03:58:13Z,35,4,544,A,0000.0000,N,0000.0000,E,0.0,V,0,0*69
$BNRDD,5167,2026-05-24T03:58:18Z,34,2,546,A,0000.0000,N,0000.0000,E,0.0,V,0,0*67
$BNRDD,5167,2026-05-24T03:58:23Z,34,2,548,A,0000.0000,N,0000.0000,E,0.0,V,0,0*61
$BNRDD,5167,2026-05-24T03:58:28Z,31,2,550,A,0000.0000,N,0000.0000,E,0.0,V,0,0*66
$BNRDD,5167,2026-05-24T03:58:33Z,35,6,556,A,0000.0000,N,0000.0000,E,0.0,V,0,0*6A
$BNRDD,5167,2026-05-24T03:58:38Z,37,3,559,A,0000.0000,N,0000.0000,E,0.0,V,0,0*69
$BNRDD,5167,2026-05-24T03:58:43Z,35,4,563,A,0000.0000,N,0000.0000,E,0.0,V,0,0*69
$BNRDD,5167,2026-05-24T03:58:48Z,35,4,567,A,0000.0000,N,0000.0000,E,0.0,V,0,0*66
$BNRDD,5167,2026-05-24T03:58:53Z,33,3,570,A,0000.0000,N,0000.0000,E,0.0,V,0,0*6B
$BNRDD,5167,2026-05-24T03:58:58Z,36,4,574,A,0000.0000,N,0000.0000,E,0.0,V,0,0*66
$BNRDD,5167,2026-05-24T03:59:03Z,37,3,577,A,0000.0000,N,0000.0000,E,0.0,V,0,0*6C
$BNRDD,5167,2026-05-24T03:59:08Z,40,3,580,A,0000.0000,N,0000.0000,E,0.0,V,0,0*6F
$BNRDD,5167,2026-05-24T03:59:13Z,37,1,581,A,0000.0000,N,0000.0000,E,0.0,V,0,0*66
$BNRDD,5167,2026-05-24T03:59:18Z,42,7,588,A,0000.0000,N,0000.0000,E,0.0,V,0,0*60
$BNRDD,5167,2026-05-24T03:59:23Z,45,5,593,A,0000.0000,N,0000.0000,E,0.0,V,0,0*67
$BNRDD,5167,2026-05-24T03:59:28Z,48,5,598,A,0000.0000,N,0000.0000,E,0.0,V,0,0*6A
$BNRDD,5167,2026-05-24T03:59:33Z,45,3,601,A,0000.0000,N,0000.0000,E,0.0,V,0,0*68
$BNRDD,5167,2026-05-24T03:59:38Z,43,1,602,A,0000.0000,N,0000.0000,E,0.0,V,0,0*64
$BNRDD,5167,2026-05-24T03:59:43Z,45,6,608,A,0000.0000,N,0000.0000,E,0.0,V,0,0*63
$BNRDD,5167,2026-05-24T03:59:48Z,42,1,609,A,0000.0000,N,0000.0000,E,0.0,V,0,0*69
$BNRDD,5167,2026-05-24T03:59:53Z,40,1,610,A,0000.0000,N,0000.0000,E,0.0,V,0,0*69
$BNRDD,5167,2026-05-24T03:59:58Z,42,6,616,A,0000.0000,N,0000.0000,E,0.0,V,0,0*61
$BNRDD,5167,2026-05-24T04:00:03Z,42,3,619,A,0000.0000,N,0000.0000,E,0.0,V,0,0*6E
$BNRDD,5167,2026-05-24T04:00:08Z,41,2,621,A,0000.0000,N,0000.0000,E,0.0,V,0,0*6C
$BNRDD,5167,2026-05-24T04:00:13Z,44,4,625,A,0000.0000,N,0000.0000,E,0.0,V,0,0*61
$BNRDD,5167,2026-05-24T04:00:18Z,39,2,627,A,0000.0000,N,0000.0000,E,0.0,V,0,0*64
$BNRDD,5167,2026-05-24T04:00:23Z,35,1,628,A,0000.0000,N,0000.0000,E,0.0,V,0,0*6C
$BNRDD,5167,2026-05-24T04:00:28Z,33,3,631,A,0000.0000,N,0000.0000,E,0.0,V,0,0*6B
$BNRDD,5167,2026-05-24T04:00:33Z,32,2,633,A,0000.0000,N,0000.0000,E,0.0,V,0,0*63
$BNRDD,5167,2026-05-24T04:00:38Z,34,3,636,A,0000.0000,N,0000.0000,E,0.0,V,0,0*6A
$BNRDD,5167,2026-05-24T04:00:43Z,30,2,638,A,0000.0000,N,0000.0000,E,0.0,V,0,0*6D
$BNRDD,5167,2026-05-24T04:00:48Z,34,5,643,A,0000.0000,N,0000.0000,E,0.0,V,0,0*69
$BNRDD,5167,2026-05-24T04:00:53Z,37,4,647,A,0000.0000,N,0000.0000,E,0.0,V,0,0*65
$BNRDD,5167,2026-05-24T04:00:58Z,34,3,650,A,0000.0000,N,0000.0000,E,0.0,V,0,0*6C
$BNRDD,5167,2026-05-24T04:01:03Z,33,2,652,A,0000.0000,N,0000.0000,E,0.0,V,0,0*67
$BNRDD,5167,2026-05-24T04:01:08Z,31,0,652,A,0000.0000,N,0000.0000,E,0.0,V,0,0*6C
$BNRDD,5167,2026-05-24T04:01:13Z,31,4,656,A,0000.0000,N,0000.0000,E,0.0,V,0,0*66
$BNRDD,5167,2026-05-24T04:01:18Z,35,6,662,A,0000.0000,N,0000.0000,E,0.0,V,0,0*6C
$BNRDD,5167,2026-05-24T04:01:23Z,37,3,665,A,0000.0000,N,0000.0000,E,0.0,V,0,0*64
$BNRDD,5167,2026-05-24T04:01:28Z,39,5,670,A,0000.0000,N,0000.0000,E,0.0,V,0,0*63
$BNRDD,5167,2026-05-24T04:01:33Z,39,2,672,A,0000.0000,N,0000.0000,E,0.0,V,0,0*6C
$BNRDD,5167,2026-05-24T04:01:38Z,39,3,675,A,0000.0000,N,0000.0000,E,0.0,V,0,0*61
$BNRDD,5167,2026-05-24T04:01:43Z,40,3,678,A,0000.0000,N,0000.0000,E,0.0,V,0,0*6E
$BNRDD,5167,2026-05-24T04:01:48Z,36,1,679,A,0000.0000,N,0000.0000,E,0.0,V,0,0*67
$BNRDD,5167,2026-05-24T04:01:53Z,32,0,679,A,0000.0000,N,0000.0000,E,0.0,V,0,0*68
$BNRDD,5167,2026-05-24T04:01:58Z,30,1,680,A,0000.0000,N,0000.0000,E,0.0,V,0,0*66
$BNRDD,5167,2026-05-24T04:02:03Z,32,4,684,A,0000.0000,N,0000.0000,E,0.0,V,0,0*68
$BNRDD,5167,2026-05-24T04:02:08Z,38,6,690,A,0000.0000,N,0000.0000,E,0.0,V,0,0*6E
$BNRDD,5167,2026-05-24T04:02:13Z,39,5,695,A,0000.0000,N,0000.0000,E,0.0,V,3,0*60
$BNRDD,5167,2026-05-24T04:02:18Z,40,7,702,A,0000.0000,N,0000.0000,E,0.0,V,3,0*68
$BNRDD,5167,2026-05-24T04:02:23Z,37,0,702,A,0000.0000,N,0000.0000,E,0.0,V,3,0*67
$BNRDD,5167,2026-05-24T04:02:28Z,35,3,705,A,0000.0000,N,0000.0000,E,0.0,V,3,0*6A
$BNRDD,5167,2026-05-24T04:02:33Z,40,7,712,A,0000.0000,N,0000.0000,E,0.0,V,3,0*60
$BNRDD,5167,2026-05-24T04:02:38Z,39,2,714,A,0000.0000,N,0000.0000,E,0.0,V,3,0*66
$BNRDD,5167,2026-05-24T04:02:43Z,39,3,717,A,0000.0000,N,0000.0000,E,0.0,V,0,0*6B
$BNRDD,5167,2026-05-24T04:02:48Z,41,3,720,A,0000.0000,N,0000.0000,E,0.0,V,0,0*6B
$BNRDD,5167,2026-05-24T04:02:53Z,48,7,727,A,0000.0000,N,0000.0000,E,0.0,V,3,0*68
$BNRDD,5167,2026-05-24T04:02:58Z,49,2,729,A,0000.0000,N,0000.0000,E,0.0,V,3,0*69
$BNRDD,5167,2026-05-24T04:03:03Z,46,1,730,A,0000.0000,N,0000.0000,E,0.0,V,3,0*62
$BNRDD,5167,2026-05-24T04:03:08Z,45,5,735,A,0000.0000,N,0000.0000,E,0.0,V,3,0*6B
$BNRDD,5167,2026-05-24T04:03:13Z,44,4,739,A,0000.0000,N,0000.0000,E,0.0,V,3,0*6D
$BNRDD,5167,2026-05-24T04:03:18Z,42,5,744,A,0000.0000,N,0000.0000,E,0.0,V,0,0*68
$BNRDD,5167,2026-05-24T04:03:23Z,50,8,752,A,0000.0000,N,0000.0000,E,0.0,V,3,0*6A
$BNRDD,5167,2026-05-24T04:03:28Z,50,3,755,A,0000.0000,N,0000.0000,E,0.0,V,0,0*6E
$BNRDD,5167,2026-05-24T04:03:33Z,46,3,758,A,0000.0000,N,0000.0000,E,0.0,V,0,0*6E
$BNRDD,5167,2026-05-24T04:03:38Z,48,4,762,A,0000.0000,N,0000.0000,E,0.0,V,0,0*65
$BNRDD,5167,2026-05-24T04:03:43Z,50,5,767,A,0000.0000,N,0000.0000,E,0.0,V,0,0*64
$BNRDD,5167,2026-05-24T04:03:48Z,50,3,770,A,0000.0000,N,0000.0000,E,0.0,V,3,0*6C
$BNRDD,5167,2026-05-24T04:03:53Z,47,4,774,A,0000.0000,N,0000.0000,E,0.0,V,0,0*60
$BNRDD,5167,2026-05-24T04:03:58Z,48,3,777,A,0000.0000,N,0000.0000,E,0.0,V,0,0*60
$BNRDD,5167,2026-05-24T04:04:03Z,48,1,778,A,0000.0000,N,0000.0000,E,0.0,V,0,0*64
$BNRDD,5167,2026-05-24T04:04:08Z,45,2,780,A,0000.0000,N,0000.0000,E,0.0,V,0,0*66
$BNRDD,5167,2026-05-24T04:04:13Z,43,2,782,A,0000.0000,N,0000.0000,E,0.0,V,0,0*68
$BNRDD,5167,2026-05-24T04:04:18Z,41,3,785,A,0000.0000,N,0000.0000,E,0.0,V,0,0*67
$BNRDD,5167,2026-05-24T04:04:23Z,33,0,785,A,0000.0000,N,0000.0000,E,0.0,V,3,0*6A
$BNRDD,5167,2026-05-24T04:04:28Z,36,6,791,A,0000.0000,N,0000.0000,E,0.0,V,0,0*64
$BNRDD,5167,2026-05-24T04:04:33Z,35,2,793,A,0000.0000,N,0000.0000,E,0.0,V,0,0*6B
$BNRDD,5167,2026-05-24T04:04:38Z,33,2,795,A,0000.0000,N,0000.0000,E,0.0,V,3,0*63
$BNRDD,5167,2026-05-24T04:04:43Z,33,5,800,A,0000.0000,N,0000.0000,E,0.0,V,0,0*68
$BNRDD,5167,2026-05-24T04:04:48Z,31,1,801,A,0000.0000,N,0000.0000,E,0.0,V,0,0*64
$BNRDD,5167,2026-05-24T04:04:53Z,32,5,806,A,0000.0000,N,0000.0000,E,0.0,V,0,0*6E
$BNRDD,5167,2026-05-24T04:04:58Z,36,7,813,A,0000.0000,N,0000.0000,E,0.0,V,0,0*67
$BNRDD,5167,2026-05-24T04:05:03Z,38,3,816,A,0000.0000,N,0000.0000,E,0.0,V,0,0*67
$BNRDD,5167,2026-05-24T04:05:08Z,39,3,819,A,0000.0000,N,0000.0000,E,0.0,V,0,0*62
$BNRDD,5167,2026-05-24T04:05:13Z,41,4,823,A,0000.0000,N,0000.0000,E,0.0,V,0,0*69
$BNRDD,5167,2026-05-24T04:05:18Z,42,4,827,A,0000.0000,N,0000.0000,E,0.0,V,3,0*66
$BNRDD,5167,2026-05-24T04:05:23Z,45,3,830,A,0000.0000,N,0000.0000,E,0.0,V,3,0*68
$BNRDD,5167,2026-05-24T04:05:28Z,45,6,836,A,0000.0000,N,0000.0000,E,0.0,V,0,0*63
$BNRDD,5167,2026-05-24T04:05:33Z,46,3,839,A,0000.0000,N,0000.0000,E,0.0,V,0,0*60
$BNRDD,5167,2026-05-24T04:05:38Z,47,3,842,A,0000.0000,N,0000.0000,E,0.0,V,0,0*66
$BNRDD,5167,2026-05-24T04:05:43Z,47,5,847,A,0000.0000,N,0000.0000,E,0.0,V,0,0*69
$BNRDD,5167,2026-05-24T04:05:48Z,49,3,850,A,0000.0000,N,0000.0000,E,0.0,V,0,0*6C
$BNRDD,5167,2026-05-24T04:05:53Z,48,4,854,A,0000.0000,N,0000.0000,E,0.0,V,3,0*67
$BNRDD,5167,2026-05-24T04:05:58Z,43,2,856,A,0000.0000,N,0000.0000,E,0.0,V,3,0*63
$BNRDD,5167,2026-05-24T04:06:03Z,45,5,861,A,0000.0000,N,0000.0000,E,0.0,V,0,0*68
$BNRDD,5167,2026-05-24T04:06:08Z,45,3,864,A,0000.0000,N,0000.0000,E,0.0,V,3,0*63
$BNRDD,5167,2026-05-24T04:06:11Z,44,3,867,A,0000.0000,N,0000.0000,E,0.0,V,3,0*69
$BNRDD,5167,2026-05-24T04:06:16Z,44,4,871,A,0000.0000,N,0000.0000,E,0.0,V,3,0*6E
$BNRDD,5167,2026-05-24T04:06:21Z,42,1,872,A,0000.0000,N,0000.0000,E,0.0,V,0,0*69
$BNRDD,5167,2026-05-24T04:06:26Z,37,1,873,A,0000.0000,N,0000.0000,E,0.0,V,4,0*69
$BNRDD,5167,2026-05-24T04:06:31Z,37,3,876,A,1424.7720,N,7813.7734,E,264.1,A,5,252*71
$BNRDD,5167,2026-05-24T04:06:36Z,37,3,879,A,1424.7705,N,7813.7728,E,262.0,A,5,252*74
$BNRDD,5167,2026-05-24T04:06:41Z,33,1,880,A,1424.7692,N,7813.7725,E,260.9,A,5,252*7D
$BNRDD,5167,2026-05-24T04:06:46Z,34,4,884,A,1424.7691,N,7813.7727,E,262.7,A,5,252*71
$BNRDD,5167,2026-05-24T04:06:51Z,34,4,888,A,1424.7693,N,7813.7731,E,263.3,A,5,254*7D
$BNRDD,5167,2026-05-24T04:06:56Z,34,2,890,A,1424.7696,N,7813.7731,E,264.2,A,6,231*76
$BNRDD,5167,2026-05-24T04:07:01Z,34,5,895,A,1424.7702,N,7813.7730,E,265.6,A,6,231*7F
$BNRDD,5167,2026-05-24T04:07:06Z,35,4,899,A,1424.7706,N,7813.7727,E,266.5,A,6,231*76
$BNRDD,5167,2026-05-24T04:07:11Z,40,8,907,A,1424.7705,N,7813.7727,E,266.6,A,6,231*78
$BNRDD,5167,2026-05-24T04:07:16Z,39,3,910,A,1424.7704,N,7813.7727,E,266.5,A,6,231*7E
$BNRDD,5167,2026-05-24T04:07:21Z,42,4,914,A,1424.7703,N,7813.7727,E,267.0,A,6,231*76
$BNRDD,5167,2026-05-24T04:07:26Z,43,2,916,A,1424.7702,N,7813.7728,E,267.6,A,6,231*7C
$BNRDD,5167,2026-05-24T04:07:31Z,42,2,918,A,1424.7704,N,7813.7728,E,268.6,A,6,231*7C
$BNRDD,5167,2026-05-24T04:07:36Z,42,3,921,A,1424.7708,N,7813.7727,E,268.4,A,6,233*73
$BNRDD,5167,2026-05-24T04:07:41Z,43,2,923,A,1424.7708,N,7813.7726,E,268.7,A,6,233*73
$BNRDD,5167,2026-05-24T04:07:46Z,44,5,928,A,1424.7709,N,7813.7727,E,268.5,A,6,233*7D
$BNRDD,5167,2026-05-24T04:07:51Z,44,4,932,A,1424.7711,N,7813.7726,E,268.8,A,6,233*74
$BNRDD,5167,2026-05-24T04:07:56Z,45,3,935,A,1424.7709,N,7813.7724,E,269.2,A,6,233*72
$BNRDD,5167,2026-05-24T04:08:01Z,42,2,937,A,1424.7710,N,7813.7724,E,269.7,A,6,233*76
$BNRDD,5167,2026-05-24T04:08:06Z,44,6,943,A,1424.7711,N,7813.7723,E,270.6,A,6,234*78
$BNRDD,5167,2026-05-24T04:08:11Z,37,1,944,A,1424.7714,N,7813.7722,E,271.6,A,6,234*7F
$BNRDD,5167,2026-05-24T04:08:16Z,35,1,945,A,1424.7717,N,7813.7721,E,271.6,A,6,234*7B
$BNRDD,5167,2026-05-24T04:08:21Z,36,5,950,A,1424.7716,N,7813.7719,E,271.3,A,6,234*73
$BNRDD,5167,2026-05-24T04:08:26Z,34,0,950,A,1424.7715,N,7813.7719,E,270.8,A,6,234*7A
$BNRDD,5167,2026-05-24T04:08:31Z,34,2,952,A,1424.7712,N,7813.7719,E,270.7,A,7,146*73
$BNRDD,5167,2026-05-24T04:08:36Z,34,3,955,A,1424.7705,N,7813.7717,E,269.7,A,7,146*72
$BNRDD,5167,2026-05-24T04:08:41Z,35,3,958,A,1424.7703,N,7813.7711,E,268.3,A,7,146*7B
$BNRDD,5167,2026-05-24T04:08:46Z,32,2,960,A,1424.7700,N,7813.7708,E,266.9,A,7,146*7E
$BNRDD,5167,2026-05-24T04:08:51Z,35,7,967,A,1424.7692,N,7813.7711,E,265.3,A,7,147*77
$BNRDD,5167,2026-05-24T04:08:56Z,33,1,968,A,1424.7682,N,7813.7742,E,265.2,A,7,147*79
$BNRDD,5167,2026-05-24T04:09:01Z,34,3,971,A,1424.7685,N,7813.7772,E,267.0,A,7,147*73
$BNRDD,5167,2026-05-24T04:09:06Z,30,2,973,A,1424.7685,N,7813.7793,E,269.9,A,7,147*7B
$BNRDD,5167,2026-05-24T04:09:11Z,31,2,975,A,1424.7678,N,7813.7810,E,272.6,A,7,147*79
$BNRDD,5167,2026-05-24T04:09:16Z,30,0,975,A,1424.7677,N,7813.7835,E,276.8,A,6,161*7A
$BNRDD,5167,2026-05-24T04:09:21Z,29,4,979,A,1424.7684,N,7813.7861,E,281.2,A,5,240*72
$BNRDD,5167,2026-05-24T04:09:26Z,32,3,982,A,1424.7672,N,7813.7880,E,285.0,A,5,234*7F
$BNRDD,5167,2026-05-24T04:09:31Z,36,6,988,A,1424.7649,N,7813.7887,E,280.0,A,6,216*7B
$BNRDD,5167,2026-05-24T04:09:36Z,35,2,990,A,1424.7647,N,7813.7885,E,278.7,A,7,148*77
$BNRDD,5167,2026-05-24T04:09:41Z,36,4,994,A,1424.7644,N,7813.7854,E,279.0,A,5,234*75
$BNRDD,5167,2026-05-24T04:09:46Z,36,2,996,A,1424.7653,N,7813.7817,E,279.5,A,6,153*73
$BNRDD,5167,2026-05-24T04:09:51Z,32,3,999,A,1424.7664,N,7813.7798,E,281.1,A,6,217*73
$BNRDD,5167,2026-05-24T04:09:56Z,35,4,1003,A,1424.7665,N,7813.7762,E,278.5,A,7,148*41
$BNRDD,5167,2026-05-24T04:10:01Z,39,7,1010,A,1424.7662,N,7813.7724,E,275.3,A,6,157*47
$BNRDD,5167,2026-05-24T04:10:06Z,43,6,1016,A,1424.7637,N,7813.7692,E,273.1,A,6,157*42
$BNRDD,5167,2026-05-24T04:10:11Z,44,3,1019,A,1424.7618,N,7813.7657,E,271.9,A,6,157*47
$BNRDD,5167,2026-05-24T04:10:16Z,47,3,1022,A,1424.7605,N,7813.7622,E,270.7,A,7,149*44
$BNRDD,5167,2026-05-24T04:10:21Z,44,1,1023,A,1424.7587,N,7813.7604,E,271.1,A,7,149*4A
$BNRDD,5167,2026-05-24T04:10:26Z,42,1,1024,A,1424.7553,N,7813.7587,E,270.7,A,6,163*43
$BNRDD,5167,2026-05-24T04:10:31Z,39,3,1027,A,1424.7520,N,7813.7582,E,271.1,A,6,163*4E
$BNRDD,5167,2026-05-24T04:10:36Z,41,4,1031,A,1424.7489,N,7813.7574,E,272.0,A,6,154*4B
$BNRDD,5167,2026-05-24T04:10:41Z,41,4,1035,A,1424.7455,N,7813.7559,E,272.8,A,6,154*49
$BNRDD,5167,2026-05-24T04:10:46Z,41,2,1037,A,1424.7425,N,7813.7534,E,274.7,A,7,149*42
$BNRDD,5167,2026-05-24T04:10:51Z,42,4,1041,A,1424.7388,N,7813.7537,E,275.3,A,5,245*4B
$BNRDD,5167,2026-05-24T04:10:56Z,39,1,1042,A,1424.7352,N,7813.7526,E,275.4,A,6,154*46
$BNRDD,5167,2026-05-24T04:11:01Z,35,3,1045,A,1424.7317,N,7813.7522,E,275.6,A,6,164*48
$BNRDD,5167,2026-05-24T04:11:06Z,33,4,1049,A,1424.7282,N,7813.7527,E,276.6,A,5,244*4B
$BNRDD,5167,2026-05-24T04:11:11Z,33,3,1052,A,1424.7248,N,7813.7535,E,276.2,A,6,155*41
$BNRDD,5167,2026-05-24T04:11:16Z,32,2,1054,A,1424.7211,N,7813.7531,E,276.4,A,5,244*4E
$BNRDD,5167,2026-05-24T04:11:21Z,33,2,1056,A,1424.7182,N,7813.7521,E,276.0,A,5,243*42
$BNRDD,5167,2026-05-24T04:11:26Z,35,3,1059,A,1424.7143,N,7813.7515,E,275.2,A,6,155*41
$BNRDD,5167,2026-05-24T04:11:31Z,33,1,1060,A,1424.7107,N,7813.7516,E,275.4,A,6,155*4C
$BNRDD,5167,2026-05-24T04:11:36Z,32,3,1063,A,1424.7075,N,7813.7514,E,276.6,A,7,150*48
$BNRDD,5167,2026-05-24T04:11:41Z,29,1,1064,A,1424.7039,N,7813.7503,E,277.9,A,7,151*46
$BNRDD,5167,2026-05-24T04:11:46Z,31,4,1068,A,1424.7007,N,7813.7506,E,276.9,A,7,151*48
$BNRDD,5167,2026-05-24T04:11:51Z,29,2,1070,A,1424.6971,N,7813.7498,E,275.6,A,7,151*4B
$BNRDD,5167,2026-05-24T04:11:56Z,31,3,1073,A,1424.6936,N,7813.7487,E,274.9,A,7,151*44
$BNRDD,5167,2026-05-24T04:12:01Z,31,3,1076,A,1424.6898,N,7813.7472,E,275.3,A,5,247*42
$BNRDD,5167,2026-05-24T04:12:06Z,29,2,1078,A,1424.6865,N,7813.7461,E,275.6,A,7,151*40
$BNRDD,5167,2026-05-24T04:12:11Z,29,3,1081,A,1424.6830,N,7813.7446,E,275.1,A,7,151*43
$BNRDD,5167,2026-05-24T04:12:16Z,34,7,1088,A,1424.6799,N,7813.7433,E,276.0,A,6,160*4A
$BNRDD,5167,2026-05-24T04:12:21Z,37,5,1093,A,1424.6767,N,7813.7432,E,278.0,A,6,222*4E
$BNRDD,5167,2026-05-24T04:12:26Z,38,4,1097,A,1424.6726,N,7813.7410,E,278.1,A,6,241*42
$BNRDD,5167,2026-05-24T04:12:31Z,39,2,1099,A,1424.6687,N,7813.7395,E,276.9,A,7,152*4B
$BNRDD,5167,2026-05-24T04:12:36Z,39,3,1102,A,1424.6653,N,7813.7383,E,276.4,A,6,222*48
$BNRDD,5167,2026-05-24T04:12:41Z,40,2,1104,A,1424.6616,N,7813.7362,E,274.8,A,7,152*44
$BNRDD,5167,2026-05-24T04:12:46Z,39,3,1107,A,1424.6580,N,7813.7339,E,274.3,A,7,152*46
$BNRDD,5167,2026-05-24T04:12:51Z,39,2,1109,A,1424.6551,N,7813.7323,E,274.1,A,7,152*4A
$BNRDD,5167,2026-05-24T04:12:56Z,39,3,1112,A,1424.6520,N,7813.7313,E,273.2,A,7,152*47
$BNRDD,5167,2026-05-24T04:13:01Z,39,3,1115,A,1424.6495,N,7813.7322,E,273.7,A,7,152*4B
$BNRDD,5167,2026-05-24T04:13:06Z,38,1,1116,A,1424.6493,N,7813.7335,E,274.2,A,7,153*4F
$BNRDD,5167,2026-05-24T04:13:11Z,40,5,1121,A,1424.6473,N,7813.7354,E,272.7,A,5,240*4F
$BNRDD,5167,2026-05-24T04:13:16Z,39,6,1127,A,1424.6463,N,7813.7382,E,269.5,A,6,167*44
$BNRDD,5167,2026-05-24T04:13:21Z,38,4,1131,A,1424.6454,N,7813.7424,E,269.6,A,6,167*48
$BNRDD,5167,2026-05-24T04:13:26Z,36,2,1133,A,1424.6450,N,7813.7463,E,269.6,A,5,240*47
$BNRDD,5167,2026-05-24T04:13:31Z,37,3,1136,A,1424.6438,N,7813.7496,E,270.5,A,5,240*4B
$BNRDD,5167,2026-05-24T04:13:36Z,35,1,1137,A,1424.6432,N,7813.7546,E,269.5,A,6,167*46
$BNRDD,5167,2026-05-24T04:13:41Z,36,3,1140,A,1424.6426,N,7813.7589,E,271.2,A,6,167*4F
$BNRDD,5167,2026-05-24T04:13:46Z,39,6,1146,A,1424.6415,N,7813.7622,E,270.6,A,5,240*46
$BNRDD,5167,2026-05-24T04:13:51Z,41,4,1150,A,1424.6408,N,7813.7663,E,269.8,A,7,154*41
$BNRDD,5167,2026-05-24T04:13:56Z,40,2,1152,A,1424.6395,N,7813.7703,E,269.7,A,6,168*46
$BNRDD,5167,2026-05-24T04:14:01Z,40,3,1155,A,1424.6385,N,7813.7741,E,269.5,A,5,239*44
$BNRDD,5167,2026-05-24T04:14:06Z,42,3,1158,A,1424.6385,N,7813.7780,E,270.4,A,3,296*4B
$BNRDD,5167,2026-05-24T04:14:11Z,39,2,1160,A,1424.6374,N,7813.7804,E,270.3,A,4,316*4F
$BNRDD,5167,2026-05-24T04:14:16Z,35,2,1162,A,1424.6364,N,7813.7805,E,271.2,A,0,1095*7B
$BNRDD,5167,2026-05-24T04:14:21Z,32,1,1163,A,1424.6367,N,7813.7816,E,270.9,A,4,271*4C
$BNRDD,5167,2026-05-24T04:14:26Z,31,1,1164,A,1424.6350,N,7813.7819,E,271.6,A,4,332*4C
$BNRDD,5167,2026-05-24T04:14:31Z,33,5,1169,A,1424.6337,N,7813.7880,E,272.2,A,6,225*42
$BNRDD,5167,2026-05-24T04:14:36Z,35,3,1172,A,1424.6332,N,7813.7901,E,273.1,A,6,225*40
$BNRDD,5167,2026-05-24T04:14:41Z,38,6,1178,A,1424.6333,N,7813.7911,E,273.2,A,6,225*41
$BNRDD,5167,2026-05-24T04:14:46Z,35,3,1181,A,1424.6345,N,7813.7923,E,273.9,A,6,225*43
$BNRDD,5167,2026-05-24T04:14:51Z,37,6,1187,A,1424.6343,N,7813.7923,E,275.3,A,6,227*4C
$BNRDD,5167,2026-05-24T04:14:56Z,38,3,1190,A,1424.6335,N,7813.7914,E,275.3,A,6,227*42
$BNRDD,5167,2026-05-24T04:15:01Z,39,4,1194,A,1424.6316,N,7813.7934,E,274.8,A,5,238*47
$BNRDD,5167,2026-05-24T04:15:06Z,39,3,1197,A,1424.6308,N,7813.7941,E,276.1,A,6,227*4F
$BNRDD,5167,2026-05-24T04:15:11Z,40,3,1200,A,1424.6298,N,7813.7937,E,273.4,A,6,170*42
$BNRDD,5167,2026-05-24T04:15:16Z,47,9,1209,A,1424.6272,N,7813.7952,E,272.7,A,7,156*41
$BNRDD,5167,2026-05-24T04:15:21Z,48,2,1211,A,1424.6238,N,7813.7981,E,273.0,A,7,156*4E
$BNRDD,5167,2026-05-24T04:15:26Z,50,3,1214,A,1424.6206,N,7813.7995,E,272.6,A,6,227*4F
$BNRDD,5167,2026-05-24T04:15:31Z,47,2,1216,A,1424.6175,N,7813.8005,E,272.5,A,6,227*47
$BNRDD,5167,2026-05-24T04:15:36Z,48,4,1220,A,1424.6143,N,7813.8010,E,272.6,A,6,227*4E
$BNRDD,5167,2026-05-24T04:15:41Z,44,2,1222,A,1424.6108,N,7813.8016,E,273.4,A,7,156*48
$BNRDD,5167,2026-05-24T04:15:46Z,50,9,1231,A,1424.6071,N,7813.8012,E,272.7,A,6,227*4E
$BNRDD,5167,2026-05-24T04:15:51Z,44,0,1231,A,1424.6033,N,7813.8014,E,273.0,A,5,252*43
$BNRDD,5167,2026-05-24T04:15:56Z,46,5,1236,A,1424.6000,N,7813.8016,E,273.7,A,5,252*41
$BNRDD,5167,2026-05-24T04:16:01Z,47,5,1241,A,1424.5960,N,7813.8010,E,274.1,A,6,252*49
$BNRDD,5167,2026-05-24T04:16:06Z,48,4,1245,A,1424.5924,N,7813.8006,E,274.0,A,6,229*4E
$BNRDD,5167,2026-05-24T04:16:11Z,50,5,1250,A,1424.5892,N,7813.8005,E,274.3,A,5,241*45
$BNRDD,5167,2026-05-24T04:16:16Z,42,1,1251,A,1424.5863,N,7813.8002,E,274.3,A,6,229*40
$BNRDD,5167,2026-05-24T04:16:21Z,43,3,1254,A,1424.5842,N,7813.8002,E,273.9,A,7,157*47
$BNRDD,5167,2026-05-24T04:16:26Z,45,5,1259,A,1424.5837,N,7813.8006,E,273.4,A,7,157*46
$BNRDD,5167,2026-05-24T04:16:31Z,47,4,1263,A,1424.5836,N,7813.8004,E,272.8,A,7,158*4B
$BNRDD,5167,2026-05-24T04:16:36Z,45,2,1265,A,1424.5836,N,7813.8002,E,272.6,A,7,158*46
$BNRDD,5167,2026-05-24T04:16:41Z,46,3,1268,A,1424.5835,N,7813.8001,E,272.7,A,7,158*48
$BNRDD,5167,2026-05-24T04:16:46Z,42,5,1273,A,1424.5825,N,7813.7998,E,272.6,A,7,158*41
$BNRDD,5167,2026-05-24T04:16:51Z,50,8,1281,A,1424.5798,N,7813.7989,E,272.7,A,6,172*45
$BNRDD,5167,2026-05-24T04:16:56Z,46,1,1282,A,1424.5763,N,7813.7981,E,272.8,A,7,158*45
$BNRDD,5167,2026-05-24T04:17:01Z,46,5,1287,A,1424.5729,N,7813.7974,E,273.4,A,7,158*4E
$BNRDD,5167,2026-05-24T04:17:06Z,44,2,1289,A,1424.5692,N,7813.7967,E,274.0,A,7,158*42
$BNRDD,5167,2026-05-24T04:17:11Z,40,1,1290,A,1424.5655,N,7813.7956,E,274.5,A,7,159*46
$BNRDD,5167,2026-05-24T04:17:16Z,43,4,1294,A,1424.5624,N,7813.7955,E,276.1,A,6,173*49
$BNRDD,5167,2026-05-24T04:17:21Z,42,2,1296,A,1424.5586,N,7813.7952,E,276.6,A,6,163*42
$BNRDD,5167,2026-05-24T04:17:26Z,40,3,1299,A,1424.5552,N,7813.7944,E,277.1,A,7,159*49
$BNRDD,5167,2026-05-24T04:17:31Z,38,2,1301,A,1424.5519,N,7813.7936,E,277.5,A,6,231*43
$BNRDD,5167,2026-05-24T04:17:36Z,40,4,1305,A,1424.5486,N,7813.7935,E,278.5,A,4,274*41
$BNRDD,5167,2026-05-24T04:17:41Z,44,7,1312,A,1424.5451,N,7813.7920,E,279.7,A,5,244*4F
$BNRDD,5167,2026-05-24T04:17:46Z,42,3,1315,A,1424.5433,N,7813.7921,E,284.2,A,7,163*4B
$BNRDD,5167,2026-05-24T04:17:51Z,39,5,1320,A,1424.5404,N,7813.7910,E,286.4,A,6,164*45
$BNRDD,5167,2026-05-24T04:17:56Z,40,2,1322,A,1424.5381,N,7813.7908,E,290.4,A,5,235*49
$BNRDD,5167,2026-05-24T04:18:01Z,40,5,1327,A,1424.5357,N,7813.7889,E,289.2,A,5,235*4B
$BNRDD,5167,2026-05-24T04:18:06Z,41,3,1330,A,1424.5322,N,7813.7879,E,292.3,A,6,174*4E
$BNRDD,5167,2026-05-24T04:18:11Z,46,6,1336,A,1424.5285,N,7813.7873,E,291.7,A,5,256*4D
$BNRDD,5167,2026-05-24T04:18:16Z,46,4,1340,A,1424.5254,N,7813.7862,E,289.6,A,6,175*4C
$BNRDD,5167,2026-05-24T04:18:21Z,46,2,1342,A,1424.5228,N,7813.7859,E,282.5,A,6,175*47
$BNRDD,5167,2026-05-24T04:18:26Z,46,3,1345,A,1424.5195,N,7813.7854,E,280.9,A,6,175*40
$BNRDD,5167,2026-05-24T04:18:31Z,48,4,1349,A,1424.5192,N,7813.7850,E,282.5,A,3,1576*7D
$BNRDD,5167,2026-05-24T04:18:36Z,51,7,1356,A,1424.5176,N,7813.7863,E,282.2,A,5,235*45
$BNRDD,5167,2026-05-24T04:18:41Z,51,7,1363,A,1424.5165,N,7813.7884,E,281.1,A,5,235*48
$BNRDD,5167,2026-05-24T04:18:46Z,51,3,1366,A,1424.5158,N,7813.7882,E,281.4,A,6,165*46
$BNRDD,5167,2026-05-24T04:18:51Z,51,5,1371,A,1424.5151,N,7813.7880,E,281.2,A,5,235*48
$BNRDD,5167,2026-05-24T04:18:56Z,54,5,1376,A,1424.5120,N,7813.7892,E,281.2,A,5,235*48
$BNRDD,5167,2026-05-24T04:19:01Z,56,7,1383,A,1424.5071,N,7813.7895,E,281.7,A,7,165*42
$BNRDD,5167,2026-05-24T04:19:06Z,58,5,1388,A,1424.5039,N,7813.7905,E,282.6,A,7,161*40
$BNRDD,5167,2026-05-24T04:19:11Z,54,2,1390,A,1424.5011,N,7813.7926,E,283.7,A,6,165*4A
$BNRDD,5167,2026-05-24T04:19:16Z,52,2,1392,A,1424.5017,N,7813.7916,E,286.5,A,7,162*4D
$BNRDD,5167,2026-05-24T04:19:21Z,52,2,1394,A,1424.5043,N,7813.7939,E,287.3,A,4,279*4E
$BNRDD,5167,2026-05-24T04:19:26Z,54,5,1399,A,1424.5067,N,7813.7951,E,287.7,A,4,275*45
$BNRDD,5167,2026-05-24T04:19:31Z,54,4,1403,A,1424.5096,N,7813.7972,E,286.3,A,6,113*4D
$BNRDD,5167,2026-05-24T04:19:36Z,51,4,1407,A,1424.5117,N,7813.7964,E,286.2,A,6,113*45
$BNRDD,5167,2026-05-24T04:19:41Z,46,2,1409,A,1424.5125,N,7813.7992,E,288.3,A,6,184*42
$BNRDD,5167,2026-05-24T04:19:46Z,44,1,1410,A,1424.5153,N,7813.8019,E,288.6,A,4,312*42
$BNRDD,5167,2026-05-24T04:19:51Z,43,4,1414,A,1424.5184,N,7813.8034,E,288.8,A,4,455*4D
$BNRDD,5167,2026-05-24T04:19:56Z,39,1,1415,A,1424.5217,N,7813.8041,E,288.3,A,0,312*43
$BNRDD,5167,2026-05-24T04:20:01Z,36,4,1419,A,1424.5257,N,7813.8046,E,287.7,A,4,311*42
$BNRDD,5167,2026-05-24T04:20:06Z,35,4,1423,A,1424.5296,N,7813.8057,E,287.3,A,4,277*47
$BNRDD,5167,2026-05-24T04:20:11Z,35,2,1425,A,1424.5337,N,7813.8083,E,285.1,A,3,299*45
$BNRDD,5167,2026-05-24T04:20:16Z,35,2,1427,A,1424.5390,N,7813.8091,E,284.6,A,5,227*4B
$BNRDD,5167,2026-05-24T04:20:21Z,39,6,1433,A,1424.5437,N,7813.8085,E,283.9,A,0,311*44
$BNRDD,5167,2026-05-24T04:20:26Z,36,2,1435,A,1424.5489,N,7813.8130,E,283.1,A,4,348*44
$BNRDD,5167,2026-05-24T04:20:31Z,33,1,1436,A,1424.5514,N,7813.8150,E,282.3,A,6,145*4A
$BNRDD,5167,2026-05-24T04:20:36Z,32,3,1439,A,1424.5522,N,7813.8147,E,282.0,A,7,136*44
$BNRDD,5167,2026-05-24T04:20:41Z,34,4,1443,A,1424.5535,N,7813.8147,E,281.5,A,7,136*48
$BNRDD,5167,2026-05-24T04:20:46Z,36,3,1446,A,1424.5548,N,7813.8146,E,280.8,A,7,136*48
$BNRDD,5167,2026-05-24T04:20:51Z,37,5,1451,A,1424.5559,N,7813.8145,E,281.9,A,6,150*4D
$BNRDD,5167,2026-05-24T04:20:56Z,39,3,1454,A,1424.5599,N,7813.8145,E,282.4,A,6,145*41
$BNRDD,5167,2026-05-24T04:21:01Z,37,2,1456,A,1424.5634,N,7813.8151,E,282.8,A,6,150*46
$BNRDD,5167,2026-05-24T04:21:06Z,39,6,1462,A,1424.5640,N,7813.8190,E,283.8,A,7,108*4F
$BNRDD,5167,2026-05-24T04:21:11Z,40,3,1465,A,1424.5674,N,7813.8185,E,283.4,A,7,108*4A
$BNRDD,5167,2026-05-24T04:21:16Z,41,3,1468,A,1424.5693,N,7813.8191,E,282.7,A,7,108*4F
$BNRDD,5167,2026-05-24T04:21:21Z,40,5,1473,A,1424.5707,N,7813.8181,E,281.5,A,6,180*4B
$BNRDD,5167,2026-05-24T04:21:26Z,43,5,1478,A,1424.5720,N,7813.8178,E,280.6,A,5,236*48
$BNRDD,5167,2026-05-24T04:21:31Z,47,5,1483,A,1424.5727,N,7813.8180,E,279.9,A,5,236*47
$BNRDD,5167,2026-05-24T04:21:36Z,50,6,1489,A,1424.5761,N,7813.8172,E,278.9,A,6,112*47
$BNRDD,5167,2026-05-24T04:21:41Z,51,5,1494,A,1424.5801,N,7813.8198,E,276.2,A,5,310*42
$BNRDD,5167,2026-05-24T04:21:46Z,52,4,1498,A,1424.5825,N,7813.8227,E,275.2,A,5,210*48
$BNRDD,5167,2026-05-24T04:21:51Z,51,4,1502,A,1424.5856,N,7813.8221,E,274.1,A,0,476*4C
$BNRDD,5167,2026-05-24T04:21:56Z,54,6,1508,A,1424.5892,N,7813.8236,E,275.2,A,0,267*4C
$BNRDD,5167,2026-05-24T04:22:01Z,58,6,1514,A,1424.5926,N,7813.8226,E,276.2,A,7,137*41
$BNRDD,5167,2026-05-24T04:22:06Z,60,8,1522,A,1424.5949,N,7813.8238,E,276.0,A,7,137*42
$BNRDD,5167,2026-05-24T04:22:11Z,59,2,1524,A,1424.5971,N,7813.8248,E,276.1,A,7,108*43
$BNRDD,5167,2026-05-24T04:22:16Z,61,5,1529,A,1424.5977,N,7813.8254,E,279.1,A,7,137*4D
$BNRDD,5167,2026-05-24T04:22:21Z,59,3,1532,A,1424.6003,N,7813.8268,E,280.0,A,5,164*4B
$BNRDD,5167,2026-05-24T04:22:26Z,58,4,1536,A,1424.6026,N,7813.8282,E,280.1,A,6,145*4C
$BNRDD,5167,2026-05-24T04:22:31Z,56,3,1539,A,1424.6046,N,7813.8293,E,279.9,A,6,118*4C
$BNRDD,5167,2026-05-24T04:22:36Z,53,3,1542,A,1424.6046,N,7813.8298,E,280.1,A,8,98*70
$BNRDD,5167,2026-05-24T04:22:41Z,51,3,1545,A,1424.6048,N,7813.8294,E,279.7,A,6,172*4C
$BNRDD,5167,2026-05-24T04:22:46Z,50,3,1548,A,1424.6052,N,7813.8297,E,279.0,A,5,184*42
$BNRDD,5167,2026-05-24T04:22:51Z,48,2,1550,A,1424.6059,N,7813.8296,E,277.7,A,6,108*41
$BNRDD,5167,2026-05-24T04:22:56Z,45,3,1553,A,1424.6066,N,7813.8301,E,276.5,A,6,108*49
$BNRDD,5167,2026-05-24T04:23:01Z,40,1,1554,A,1424.6072,N,7813.8305,E,275.2,A,6,108*4F
$BNRDD,5167,2026-05-24T04:23:06Z,35,3,1557,A,1424.6077,N,7813.8301,E,274.5,A,7,103*46
$BNRDD,5167,2026-05-24T04:23:11Z,38,5,1562,A,1424.6083,N,7813.8303,E,273.2,A,7,105*42
$BNRDD,5167,2026-05-24T04:23:16Z,35,2,1564,A,1424.6088,N,7813.8305,E,271.9,A,6,173*4D
$BNRDD,5167,2026-05-24T04:23:21Z,35,3,1567,A,1424.6091,N,7813.8303,E,271.2,A,7,103*48
$BNRDD,5167,2026-05-24T04:23:26Z,38,7,1574,A,1424.6093,N,7813.8304,E,271.2,A,6,149*4E
$BNRDD,5167,2026-05-24T04:23:31Z,42,7,1581,A,1424.6095,N,7813.8300,E,270.7,A,7,132*44
$BNRDD,5167,2026-05-24T04:23:36Z,42,3,1584,A,1424.6090,N,7813.8295,E,272.1,A,7,132*4E
$BNRDD,5167,2026-05-24T04:23:41Z,44,5,1589,A,1424.6092,N,7813.8296,E,272.2,A,7,132*41
$BNRDD,5167,2026-05-24T04:23:46Z,44,3,1592,A,1424.6092,N,7813.8292,E,272.3,A,8,99*70
$BNRDD,5167,2026-05-24T04:23:51Z,46,4,1596,A,1424.6095,N,7813.8291,E,272.3,A,6,175*4E
$BNRDD,5167,2026-05-24T04:23:56Z,48,5,1601,A,1424.6095,N,7813.8289,E,272.4,A,6,175*45
$BNRDD,5167,2026-05-24T04:24:01Z,50,3,1604,A,1424.6099,N,7813.8286,E,272.0,A,7,156*4D
$BNRDD,5167,2026-05-24T04:24:06Z,53,6,1610,A,1424.6098,N,7813.8285,E,272.1,A,8,100*46
$BNRDD,5167,2026-05-24T04:24:11Z,54,6,1616,A,1424.6095,N,7813.8284,E,272.7,A,7,157*46
$BNRDD,5167,2026-05-24T04:24:16Z,56,4,1620,A,1424.6095,N,7813.8284,E,272.5,A,8,157*49
$BNRDD,5167,2026-05-24T04:24:21Z,56,3,1623,A,1424.6085,N,7813.8271,E,272.0,A,8,104*41
$BNRDD,5167,2026-05-24T04:24:26Z,50,1,1624,A,1424.6062,N,7813.8259,E,272.6,A,7,115*4F
$BNRDD,5167,2026-05-24T04:24:31Z,44,1,1625,A,1424.6035,N,7813.8256,E,274.8,A,8,102*41
$BNRDD,5167,2026-05-24T04:24:36Z,43,2,1627,A,1424.5995,N,7813.8255,E,274.3,A,6,243*40
$BNRDD,5167,2026-05-24T04:24:41Z,40,2,1629,A,1424.5964,N,7813.8254,E,275.2,A,7,105*42
$BNRDD,5167,2026-05-24T04:24:46Z,41,4,1633,A,1424.5937,N,7813.8257,E,277.6,A,8,102*42
$BNRDD,5167,2026-05-24T04:24:51Z,44,7,1640,A,1424.5921,N,7813.8266,E,282.4,A,9,92*72
$BNRDD,5167,2026-05-24T04:24:56Z,46,7,1647,A,1424.5897,N,7813.8266,E,285.5,A,8,122*41
$BNRDD,5167,2026-05-24T04:25:01Z,46,3,1650,A,1424.5862,N,7813.8244,E,285.7,A,8,122*48
$BNRDD,5167,2026-05-24T04:25:06Z,42,2,1652,A,1424.5844,N,7813.8228,E,294.9,A,6,183*4D
$BNRDD,5167,2026-05-24T04:25:11Z,38,2,1654,A,1424.5797,N,7813.8222,E,289.3,A,8,108*40
$BNRDD,5167,2026-05-24T04:25:16Z,37,3,1657,A,1424.5756,N,7813.8211,E,286.4,A,8,108*4F
$BNRDD,5167,2026-05-24T04:25:21Z,36,2,1659,A,1424.5716,N,7813.8207,E,286.5,A,7,131*42
$BNRDD,5167,2026-05-24T04:25:26Z,37,2,1661,A,1424.5676,N,7813.8194,E,285.0,A,7,170*42
$BNRDD,5167,2026-05-24T04:25:31Z,41,5,1666,A,1424.5644,N,7813.8190,E,286.3,A,7,140*43
$BNRDD,5167,2026-05-24T04:25:36Z,45,6,1672,A,1424.5640,N,7813.8206,E,298.4,A,7,140*46
$BNRDD,5167,2026-05-24T04:25:41Z,44,1,1673,A,1424.5637,N,7813.8231,E,308.9,A,7,140*40
$BNRDD,5167,2026-05-24T04:25:46Z,43,3,1676,A,1424.5606,N,7813.8258,E,318.0,A,6,246*46
$BNRDD,5167,2026-05-24T04:25:51Z,37,1,1677,A,1424.5566,N,7813.8248,E,318.5,A,7,189*40
$BNRDD,5167,2026-05-24T04:25:56Z,34,4,1681,A,1424.5528,N,7813.8218,E,317.2,A,6,246*4E
$BNRDD,5167,2026-05-24T04:26:01Z,33,2,1683,A,1424.5491,N,7813.8176,E,312.0,A,6,174*41
$BNRDD,5167,2026-05-24T04:26:06Z,35,4,1687,A,1424.5444,N,7813.8157,E,309.3,A,7,189*43
$BNRDD,5167,2026-05-24T04:26:11Z,36,3,1690,A,1424.5393,N,7813.8133,E,301.7,A,5,178*48
$BNRDD,5167,2026-05-24T04:26:16Z,35,2,1692,A,1424.5352,N,7813.8118,E,300.4,A,6,174*46
$BNRDD,5167,2026-05-24T04:26:21Z,38,5,1697,A,1424.5315,N,7813.8103,E,297.4,A,0,303*4F
$BNRDD,5167,2026-05-24T04:26:26Z,36,0,1697,A,1424.5247,N,7813.8080,E,289.7,A,5,304*41
$BNRDD,5167,2026-05-24T04:26:31Z,35,4,1701,A,1424.5193,N,7813.8056,E,282.1,A,5,219*4F
$BNRDD,5167,2026-05-24T04:26:36Z,31,2,1703,A,1424.5148,N,7813.8051,E,280.0,A,7,122*43
$BNRDD,5167,2026-05-24T04:26:41Z,35,5,1708,A,1424.5107,N,7813.8039,E,278.9,A,8,107*48
$BNRDD,5167,2026-05-24T04:26:46Z,35,3,1711,A,1424.5065,N,7813.8038,E,279.6,A,7,153*45
$BNRDD,5167,2026-05-24T04:26:51Z,37,3,1714,A,1424.5040,N,7813.8033,E,282.2,A,7,134*49
$BNRDD,5167,2026-05-24T04:26:56Z,33,0,1714,A,1424.4999,N,7813.8045,E,281.3,A,8,129*45
$BNRDD,5167,2026-05-24T04:27:01Z,34,3,1717,A,1424.4960,N,7813.8055,E,279.9,A,7,149*42
$BNRDD,5167,2026-05-24T04:27:06Z,35,5,1722,A,1424.4926,N,7813.8079,E,277.2,A,8,129*44
$BNRDD,5167,2026-05-24T04:27:11Z,34,2,1724,A,1424.4895,N,7813.8100,E,276.4,A,8,129*43
$BNRDD,5167,2026-05-24T04:27:16Z,33,1,1725,A,1424.4863,N,7813.8122,E,275.3,A,8,129*4C
$BNRDD,5167,2026-05-24T04:27:21Z,30,2,1727,A,1424.4828,N,7813.8139,E,275.0,A,9,94*7A
$BNRDD,5167,2026-05-24T04:27:26Z,32,2,1729,A,1424.4794,N,7813.8160,E,274.3,A,7,149*48
$BNRDD,5167,2026-05-24T04:27:31Z,32,4,1733,A,1424.4760,N,7813.8182,E,274.3,A,7,148*45
$BNRDD,5167,2026-05-24T04:27:36Z,33,3,1736,A,1424.4732,N,7813.8212,E,274.0,A,8,128*46
$BNRDD,5167,2026-05-24T04:27:41Z,30,2,1738,A,1424.4708,N,7813.8255,E,272.0,A,8,104*48
$BNRDD,5167,2026-05-24T04:27:46Z,30,3,1741,A,1424.4675,N,7813.8276,E,271.5,A,9,94*75
$BNRDD,5167,2026-05-24T04:27:51Z,29,2,1743,A,1424.4643,N,7813.8295,E,271.9,A,8,128*4B
$BNRDD,5167,2026-05-24T04:27:56Z,34,5,1748,A,1424.4612,N,7813.8311,E,272.3,A,9,95*7A
$BNRDD,5167,2026-05-24T04:28:01Z,35,4,1752,A,1424.4589,N,7813.8350,E,269.5,A,10,87*4F
$BNRDD,5167,2026-05-24T04:28:06Z,34,4,1756,A,1424.4561,N,7813.8380,E,267.7,A,9,100*4C
$BNRDD,5167,2026-05-24T04:28:11Z,35,3,1759,A,1424.4531,N,7813.8394,E,268.9,A,9,95*7F
$BNRDD,5167,2026-05-24T04:28:16Z,35,1,1760,A,1424.4497,N,7813.8395,E,270.5,A,9,95*79
$BNRDD,5167,2026-05-24T04:28:21Z,36,3,1763,A,1424.4463,N,7813.8406,E,272.2,A,8,103*43
$BNRDD,5167,2026-05-24T04:28:26Z,37,3,1766,A,1424.4434,N,7813.8427,E,272.5,A,7,129*41
$BNRDD,5167,2026-05-24T04:28:31Z,38,5,1771,A,1424.4401,N,7813.8445,E,272.7,A,8,129*47
$BNRDD,5167,2026-05-24T04:28:36Z,38,3,1774,A,1424.4367,N,7813.8465,E,273.0,A,8,129*40
$BNRDD,5167,2026-05-24T04:28:41Z,38,2,1776,A,1424.4343,N,7813.8475,E,276.4,A,8,128*44
$BNRDD,5167,2026-05-24T04:28:46Z,41,6,1782,A,1424.4313,N,7813.8486,E,278.8,A,8,104*47
$BNRDD,5167,2026-05-24T04:28:51Z,41,2,1784,A,1424.4289,N,7813.8516,E,280.0,A,10,87*45
$BNRDD,5167,2026-05-24T04:28:56Z,37,1,1785,A,1424.4253,N,7813.8527,E,281.3,A,9,95*7D
$BNRDD,5167,2026-05-24T04:29:01Z,41,8,1793,A,1424.4220,N,7813.8554,E,280.9,A,8,128*4C
$BNRDD,5167,2026-05-24T04:29:06Z,43,6,1799,A,1424.4189,N,7813.8581,E,280.7,A,9,95*7D
$BNRDD,5167,2026-05-24T04:29:11Z,44,4,1803,A,1424.4161,N,7813.8609,E,279.9,A,9,100*42
$BNRDD,5167,2026-05-24T04:29:16Z,45,2,1805,A,1424.4138,N,7813.8643,E,278.4,A,9,128*40
$BNRDD,5167,2026-05-24T04:29:21Z,45,3,1808,A,1424.4128,N,7813.8667,E,278.3,A,9,95*7F
$BNRDD,5167,2026-05-24T04:29:26Z,47,5,1813,A,1424.4118,N,7813.8699,E,278.1,A,9,100*4B
$BNRDD,5167,2026-05-24T04:29:31Z,42,0,1813,A,1424.4125,N,7813.8733,E,278.0,A,10,87*45
$BNRDD,5167,2026-05-24T04:29:36Z,41,2,1815,A,1424.4145,N,7813.8751,E,278.3,A,8,110*42
$BNRDD,5167,2026-05-24T04:29:41Z,39,0,1815,A,1424.4162,N,7813.8773,E,279.1,A,8,127*4D
$BNRDD,5167,2026-05-24T04:29:46Z,37,4,1819,A,1424.4191,N,7813.8786,E,279.2,A,10,87*4B
$BNRDD,5167,2026-05-24T04:29:51Z,37,2,1821,A,1424.4228,N,7813.8802,E,278.0,A,8,102*44
$BNRDD,5167,2026-05-24T04:29:56Z,39,3,1824,A,1424.4252,N,7813.8819,E,278.0,A,9,102*4F
$BNRDD,5167,2026-05-24T04:30:01Z,34,3,1827,A,1424.4286,N,7813.8832,E,277.0,A,8,102*45
$BNRDD,5167,2026-05-24T04:30:06Z,32,4,1831,A,1424.4314,N,7813.8840,E,277.3,A,10,87*4D
$BNRDD,5167,2026-05-24T04:30:11Z,32,4,1835,A,1424.4338,N,7813.8851,E,279.4,A,10,88*47
$BNRDD,5167,2026-05-24T04:30:16Z,31,1,1836,A,1424.4368,N,7813.8860,E,279.3,A,10,95*49
$BNRDD,5167,2026-05-24T04:30:21Z,29,1,1837,A,1424.4400,N,7813.8871,E,279.6,A,10,95*49
$BNRDD,5167,2026-05-24T04:30:26Z,26,2,1839,A,1424.4433,N,7813.8889,E,279.3,A,9,95*76
$BNRDD,5167,2026-05-24T04:30:31Z,28,2,1841,A,1424.4452,N,7813.8906,E,280.9,A,10,95*44
$BNRDD,5167,2026-05-24T04:30:36Z,27,1,1842,A,1424.4480,N,7813.8918,E,281.8,A,10,95*4C
$BNRDD,5167,2026-05-24T04:30:41Z,28,1,1843,A,1424.4517,N,7813.8931,E,280.5,A,9,95*72
$BNRDD,5167,2026-05-24T04:30:46Z,29,5,1848,A,1424.4555,N,7813.8946,E,277.8,A,8,103*47
$BNRDD,5167,2026-05-24T04:30:51Z,28,1,1849,A,1424.4592,N,7813.8955,E,276.5,A,9,103*41
$BNRDD,5167,2026-05-24T04:30:56Z,27,2,1851,A,1424.4615,N,7813.8967,E,276.9,A,8,103*43
$BNRDD,5167,2026-05-24T04:31:01Z,24,0,1851,A,1424.4628,N,7813.8975,E,278.3,A,9,127*4F
$BNRDD,5167,2026-05-24T04:31:06Z,22,2,1853,A,1424.4629,N,7813.9000,E,278.6,A,8,105*41
$BNRDD,5167,2026-05-24T04:31:11Z,22,4,1857,A,1424.4626,N,7813.9016,E,278.3,A,8,127*48
$BNRDD,5167,2026-05-24T04:31:16Z,24,3,1860,A,1424.4623,N,7813.9049,E,277.1,A,9,127*49
$BNRDD,5167,2026-05-24T04:31:21Z,23,0,1860,A,1424.4618,N,7813.9076,E,276.7,A,7,154*40
$BNRDD,5167,2026-05-24T04:31:26Z,22,1,1861,A,1424.4611,N,7813.9097,E,275.2,A,8,126*4C
$BNRDD,5167,2026-05-24T04:31:31Z,23,3,1864,A,1424.4609,N,7813.9111,E,273.8,A,8,126*46
$BNRDD,5167,2026-05-24T04:31:36Z,27,5,1869,A,1424.4605,N,7813.9149,E,273.4,A,9,126*42
$BNRDD,5167,2026-05-24T04:31:41Z,31,5,1874,A,1424.4599,N,7813.9174,E,272.1,A,9,93*7A
$BNRDD,5167,2026-05-24T04:31:46Z,26,0,1874,A,1424.4595,N,7813.9192,E,272.0,A,8,126*45
$BNRDD,5167,2026-05-24T04:31:51Z,29,4,1878,A,1424.4596,N,7813.9210,E,270.6,A,7,148*4D
$BNRDD,5167,2026-05-24T04:31:56Z,30,3,1881,A,1424.4592,N,7813.9213,E,271.0,A,7,178*40
$BNRDD,5167,2026-05-24T04:32:01Z,31,1,1882,A,1424.4595,N,7813.9212,E,273.9,A,8,103*4F
$BNRDD,5167,2026-05-24T04:32:06Z,30,1,1883,A,1424.4604,N,7813.9211,E,277.3,A,7,125*45
$BNRDD,5167,2026-05-24T04:32:11Z,29,3,1886,A,1424.4608,N,7813.9209,E,278.3,A,9,103*4C
$BNRDD,5167,2026-05-24T04:32:16Z,27,1,1887,A,1424.4597,N,7813.9218,E,275.2,A,9,95*71
$BNRDD,5167,2026-05-24T04:32:21Z,31,4,1891,A,1424.4583,N,7813.9253,E,274.3,A,9,101*46
$BNRDD,5167,2026-05-24T04:32:26Z,32,2,1893,A,1424.4578,N,7813.9283,E,273.3,A,9,101*48
$BNRDD,5167,2026-05-24T04:32:31Z,31,2,1895,A,1424.4579,N,7813.9317,E,271.2,A,7,113*48
$BNRDD,5167,2026-05-24T04:32:36Z,28,2,1897,A,1424.4573,N,7813.9351,E,270.7,A,10,93*46
$BNRDD,5167,2026-05-24T04:32:41Z,25,2,1899,A,1424.4567,N,7813.9384,E,270.1,A,10,87*4B
$BNRDD,5167,2026-05-24T04:32:46Z,25,0,1899,A,1424.4561,N,7813.9418,E,270.4,A,9,93*72
$BNRDD,5167,2026-05-24T04:32:51Z,22,1,1900,A,1424.4554,N,7813.9443,E,270.5,A,8,136*45
$BNRDD,5167,2026-05-24T04:32:56Z,23,4,1904,A,1424.4551,N,7813.9471,E,269.5,A,10,80*4B
$BNRDD,5167,2026-05-24T04:33:01Z,24,2,1906,A,1424.4543,N,7813.9502,E,269.5,A,11,80*4C
$BNRDD,5167,2026-05-24T04:33:06Z,25,2,1908,A,1424.4542,N,7813.9537,E,269.1,A,10,88*4E
$BNRDD,5167,2026-05-24T04:33:11Z,24,2,1910,A,1424.4531,N,7813.9563,E,268.9,A,10,88*4C
$BNRDD,5167,2026-05-24T04:33:16Z,27,4,1914,A,1424.4522,N,7813.9592,E,268.7,A,9,136*44
$BNRDD,5167,2026-05-24T04:33:21Z,24,1,1915,A,1424.4515,N,7813.9616,E,269.1,A,8,136*4A
$BNRDD,5167,2026-05-24T04:33:26Z,24,2,1917,A,1424.4508,N,7813.9641,E,269.2,A,8,136*41
$BNRDD,5167,2026-05-24T04:33:31Z,24,2,1919,A,1424.4498,N,7813.9668,E,268.7,A,9,117*4C
$BNRDD,5167,2026-05-24T04:33:36Z,24,2,1921,A,1424.4491,N,7813.9690,E,268.8,A,9,117*41
$BNRDD,5167,2026-05-24T04:33:41Z,24,2,1923,A,1424.4489,N,7813.9704,E,269.2,A,9,117*4D
$BNRDD,5167,2026-05-24T04:33:46Z,27,3,1926,A,1424.4483,N,7813.9715,E,269.3,A,10,85*44
$BNRDD,5167,2026-05-24T04:33:51Z,26,0,1926,A,1424.4479,N,7813.9722,E,269.0,A,10,85*42
$BNRDD,5167,2026-05-24T04:33:56Z,26,4,1930,A,1424.4480,N,7813.9723,E,269.2,A,9,117*41
$BNRDD,5167,2026-05-24T04:34:01Z,27,3,1933,A,1424.4480,N,7813.9723,E,269.2,A,8,135*40
$BNRDD,5167,2026-05-24T04:34:06Z,28,3,1936,A,1424.4480,N,7813.9723,E,268.9,A,8,135*47
$BNRDD,5167,2026-05-24T04:34:11Z,27,1,1937,A,1424.4480,N,7813.9720,E,269.1,A,9,88*71
$BNRDD,5167,2026-05-24T04:34:16Z,25,2,1939,A,1424.4479,N,7813.9715,E,269.4,A,9,84*70
$BNRDD,5167,2026-05-24T04:34:21Z,27,3,1942,A,1424.4479,N,7813.9715,E,269.7,A,8,104*40
$BNRDD,5167,2026-05-24T04:34:26Z,26,1,1943,A,1424.4477,N,7813.9709,E,271.0,A,8,93*77
$BNRDD,5167,2026-05-24T04:34:31Z,24,0,1943,A,1424.4485,N,7813.9702,E,270.1,A,10,84*4B
$BNRDD,5167,2026-05-24T04:34:36Z,23,1,1944,A,1424.4484,N,7813.9676,E,269.8,A,10,81*4A
$BNRDD,5167,2026-05-24T04:34:41Z,23,2,1946,A,1424.4493,N,7813.9653,E,271.3,A,11,75*42
$BNRDD,5167,2026-05-24T04:34:46Z,22,2,1948,A,1424.4501,N,7813.9631,E,271.7,A,9,101*4B
$BNRDD,5167,2026-05-24T04:34:51Z,26,4,1952,A,1424.4509,N,7813.9604,E,271.7,A,11,75*41
$BNRDD,5167,2026-05-24T04:34:56Z,25,3,1955,A,1424.4517,N,7813.9575,E,272.2,A,8,127*47
$BNRDD,5167,2026-05-24T04:35:01Z,24,2,1957,A,1424.4523,N,7813.9545,E,272.7,A,9,89*73
$BNRDD,5167,2026-05-24T04:35:06Z,24,3,1960,A,1424.4524,N,7813.9521,E,275.2,A,10,84*43
$BNRDD,5167,2026-05-24T04:35:11Z,25,2,1962,A,1424.4533,N,7813.9493,E,275.4,A,8,127*4E
$BNRDD,5167,2026-05-24T04:35:16Z,23,0,1962,A,1424.4541,N,7813.9461,E,275.6,A,6,140*48
$BNRDD,5167,2026-05-24T04:35:21Z,22,2,1964,A,1424.4541,N,7813.9422,E,275.4,A,8,91*7F
$BNRDD,5167,2026-05-24T04:35:26Z,22,1,1965,A,1424.4549,N,7813.9383,E,273.7,A,11,75*49
$BNRDD,5167,2026-05-24T04:35:31Z,24,2,1967,A,1424.4554,N,7813.9350,E,272.1,A,11,71*49
$BNRDD,5167,2026-05-24T04:35:36Z,26,3,1970,A,1424.4565,N,7813.9315,E,271.4,A,11,71*4E
$BNRDD,5167,2026-05-24T04:35:41Z,27,3,1973,A,1424.4573,N,7813.9284,E,271.1,A,11,71*47
$BNRDD,5167,2026-05-24T04:35:46Z,27,2,1975,A,1424.4578,N,7813.9257,E,272.1,A,8,121*4D
$BNRDD,5167,2026-05-24T04:35:51Z,25,2,1977,A,1424.4590,N,7813.9229,E,271.7,A,11,91*43
$BNRDD,5167,2026-05-24T04:35:56Z,23,1,1978,A,1424.4598,N,7813.9201,E,271.6,A,10,89*45
$BNRDD,5167,2026-05-24T04:36:01Z,23,2,1980,A,1424.4605,N,7813.9176,E,271.8,A,10,89*4A
$BNRDD,5167,2026-05-24T04:36:06Z,24,4,1984,A,1424.4612,N,7813.9147,E,271.6,A,9,89*7A
$BNRDD,5167,2026-05-24T04:36:11Z,23,1,1985,A,1424.4618,N,7813.9121,E,272.1,A,10,89*49
$BNRDD,5167,2026-05-24T04:36:16Z,24,1,1986,A,1424.4626,N,7813.9094,E,272.5,A,10,82*47
$BNRDD,5167,2026-05-24T04:36:21Z,27,5,1991,A,1424.4617,N,7813.9074,E,272.4,A,9,91*75
$BNRDD,5167,2026-05-24T04:36:26Z,29,3,1994,A,1424.4594,N,7813.9073,E,273.5,A,8,96*76
$BNRDD,5167,2026-05-24T04:36:31Z,32,5,1999,A,1424.4573,N,7813.9063,E,273.0,A,6,242*49
$BNRDD,5167,2026-05-24T04:36:36Z,33,4,2003,A,1424.4551,N,7813.9062,E,275.3,A,7,155*47
$BNRDD,5167,2026-05-24T04:36:41Z,32,2,2005,A,1424.4543,N,7813.9063,E,274.7,A,10,91*4E
$BNRDD,5167,2026-05-24T04:36:46Z,33,3,2008,A,1424.4538,N,7813.9062,E,273.9,A,10,82*42
$BNRDD,5167,2026-05-24T04:36:51Z,35,4,2012,A,1424.4538,N,7813.9052,E,272.9,A,9,102*4D
$BNRDD,5167,2026-05-24T04:36:56Z,38,4,2016,A,1424.4536,N,7813.9054,E,272.1,A,8,122*40
$BNRDD,5167,2026-05-24T04:37:01Z,40,4,2020,A,1424.4538,N,7813.9044,E,270.6,A,10,92*40
$BNRDD,5167,2026-05-24T04:37:06Z,38,2,2022,A,1424.4539,N,7813.9039,E,269.8,A,8,99*73
$BNRDD,5167,2026-05-24T04:37:11Z,41,4,2026,A,1424.4540,N,7813.9037,E,269.5,A,10,99*4D
$BNRDD,5167,2026-05-24T04:37:16Z,44,4,2030,A,1424.4537,N,7813.9042,E,268.4,A,10,90*43
$BNRDD,5167,2026-05-24T04:37:21Z,41,2,2032,A,1424.4534,N,7813.9041,E,268.4,A,10,90*46
$BNRDD,5167,2026-05-24T04:37:26Z,42,4,2036,A,1424.4534,N,7813.9045,E,268.1,A,10,82*42
$BNRDD,5167,2026-05-24T04:37:31Z,40,3,2039,A,1424.4534,N,7813.9047,E,267.6,A,10,82*44
$BNRDD,5167,2026-05-24T04:37:36Z,38,2,2041,A,1424.4533,N,7813.9049,E,267.7,A,10,82*4A
$BNRDD,5167,2026-05-24T04:37:41Z,41,5,2046,A,1424.4533,N,7813.9050,E,267.6,A,9,88*7F
$BNRDD,5167,2026-05-24T04:37:46Z,41,3,2049,A,1424.4533,N,7813.9050,E,267.8,A,10,88*47
$BNRDD,5167,2026-05-24T04:37:51Z,40,3,2052,A,1424.4533,N,7813.9049,E,268.0,A,10,90*4C
$BNRDD,5167,2026-05-24T04:37:56Z,41,5,2057,A,1424.4533,N,7813.9048,E,268.4,A,9,90*74
$BNRDD,5167,2026-05-24T04:38:01Z,41,4,2061,A,1424.4533,N,7813.9049,E,268.7,A,8,102*44
$BNRDD,5167,2026-05-24T04:38:06Z,44,5,2066,A,1424.4532,N,7813.9050,E,269.1,A,10,89*45
$BNRDD,5167,2026-05-24T04:38:11Z,46,6,2072,A,1424.4531,N,7813.9050,E,269.5,A,10,82*4B
$BNRDD,5167,2026-05-24T04:38:16Z,42,0,2072,A,1424.4530,N,7813.9046,E,269.7,A,10,82*4A
$BNRDD,5167,2026-05-24T04:38:21Z,44,4,2076,A,1424.4529,N,7813.9047,E,270.3,A,10,82*4D
$BNRDD,5167,2026-05-24T04:38:26Z,43,3,2079,A,1424.4530,N,7813.9042,E,270.9,A,10,82*42
$BNRDD,5167,2026-05-24T04:38:31Z,44,4,2083,A,1424.4528,N,7813.9039,E,271.0,A,9,92*75
$BNRDD,5167,2026-05-24T04:38:36Z,47,5,2088,A,1424.4531,N,7813.9035,E,269.7,A,7,127*40
$BNRDD,5167,2026-05-24T04:38:41Z,46,4,2092,A,1424.4532,N,7813.9038,E,270.3,A,10,87*44
$BNRDD,5167,2026-05-24T04:38:46Z,43,0,2092,A,1424.4533,N,7813.9041,E,271.3,A,9,90*72
$BNRDD,5167,2026-05-24T04:38:51Z,40,0,2092,A,1424.4530,N,7813.9044,E,272.1,A,10,90*48
$BNRDD,5167,2026-05-24T04:38:56Z,37,2,2094,A,1424.4528,N,7813.9045,E,272.4,A,8,115*43
$BNRDD,5167,2026-05-24T04:39:01Z,37,4,2098,A,1424.4529,N,7813.9043,E,271.9,A,9,86*79
$BNRDD,5167,2026-05-24T04:39:06Z,33,1,2099,A,1424.4531,N,7813.9042,E,272.7,A,9,86*7B
$BNRDD,5167,2026-05-24T04:39:11Z,29,2,2101,A,1424.4515,N,7813.9039,E,271.8,A,9,92*76
$BNRDD,5167,2026-05-24T04:39:16Z,31,2,2103,A,1424.4495,N,7813.9032,E,272.7,A,8,92*75
$BNRDD,5167,2026-05-24T04:39:21Z,28,1,2104,A,1424.4473,N,7813.9026,E,273.6,A,8,110*4B
$BNRDD,5167,2026-05-24T04:39:26Z,26,1,2105,A,1424.4452,N,7813.9017,E,273.6,A,8,102*41
$BNRDD,5167,2026-05-24T04:39:31Z,25,3,2108,A,1424.4447,N,7813.9017,E,274.0,A,8,90*74
$BNRDD,5167,2026-05-24T04:39:36Z,22,2,2110,A,1424.4445,N,7813.9015,E,273.9,A,9,90*73
$BNRDD,5167,2026-05-24T04:39:41Z,23,5,2115,A,1424.4441,N,7813.9010,E,274.0,A,9,93*7C
$BNRDD,5167,2026-05-24T04:39:46Z,25,2,2117,A,1424.4437,N,7813.9014,E,275.1,A,10,83*44
$BNRDD,5167,2026-05-24T04:39:51Z,28,3,2120,A,1424.4436,N,7813.9010,E,273.5,A,9,90*77
$BNRDD,5167,2026-05-24T04:39:56Z,30,4,2124,A,1424.4438,N,7813.9012,E,271.6,A,10,83*4D
$BNRDD,5167,2026-05-24T04:40:01Z,26,0,2124,A,1424.4439,N,7813.9012,E,271.6,A,10,83*43
$BNRDD,5167,2026-05-24T04:40:06Z,29,4,2128,A,1424.4439,N,7813.9010,E,271.6,A,10,83*41
$BNRDD,5167,2026-05-24T04:40:11Z,30,3,2131,A,1424.4440,N,7813.9009,E,271.2,A,9,90*78
$BNRDD,5167,2026-05-24T04:40:16Z,29,1,2132,A,1424.4438,N,7813.9010,E,271.5,A,9,90*76
$BNRDD,5167,2026-05-24T04:40:21Z,30,2,2134,A,1424.4441,N,7813.9010,E,271.2,A,9,90*76
$BNRDD,5167,2026-05-24T04:40:26Z,32,3,2137,A,1424.4439,N,7813.9008,E,270.3,A,7,118*48
$BNRDD,5167,2026-05-24T04:40:31Z,34,5,2142,A,1424.4438,N,7813.9006,E,269.8,A,9,90*7F
$BNRDD,5167,2026-05-24T04:40:36Z,35,3,2145,A,1424.4439,N,7813.9005,E,268.8,A,10,79*44
$BNRDD,5167,2026-05-24T04:40:41Z,34,4,2149,A,1424.4442,N,7813.9001,E,268.6,A,9,93*74
$BNRDD,5167,2026-05-24T04:40:46Z,34,2,2151,A,1424.4442,N,7813.9001,E,268.4,A,8,102*46
$BNRDD,5167,2026-05-24T04:40:51Z,35,4,2155,A,1424.4442,N,7813.9000,E,267.4,A,9,90*76
$BNRDD,5167,2026-05-24T04:40:56Z,31,0,2155,A,1424.4443,N,7813.9001,E,267.7,A,10,97*4D
$BNRDD,5167,2026-05-24T04:41:01Z,32,1,2156,A,1424.4442,N,7813.9007,E,268.7,A,8,117*47
$BNRDD,5167,2026-05-24T04:41:06Z,30,2,2158,A,1424.4439,N,7813.9008,E,269.5,A,8,117*4F
$BNRDD,5167,2026-05-24T04:41:11Z,33,6,2164,A,1424.4439,N,7813.9008,E,270.0,A,8,117*4C
$BNRDD,5167,2026-05-24T04:41:16Z,34,2,2166,A,1424.4436,N,7813.9007,E,270.6,A,8,92*70
$BNRDD,5167,2026-05-24T04:41:21Z,37,5,2171,A,1424.4435,N,7813.9009,E,271.9,A,8,94*73
$BNRDD,5167,2026-05-24T04:41:26Z,37,3,2174,A,1424.4435,N,7813.9010,E,271.9,A,9,94*7E
$BNRDD,5167,2026-05-24T04:41:31Z,38,6,2180,A,1424.4433,N,7813.9014,E,272.2,A,7,105*44
$BNRDD,5167,2026-05-24T04:41:36Z,37,2,2182,A,1424.4432,N,7813.9013,E,272.3,A,8,101*46
$BNRDD,5167,2026-05-24T04:41:41Z,36,3,2185,A,1424.4434,N,7813.9008,E,272.1,A,9,91*76
$BNRDD,5167,2026-05-24T04:41:46Z,37,3,2188,A,1424.4434,N,7813.9008,E,272.2,A,8,101*47
$BNRDD,5167,2026-05-24T04:41:51Z,39,6,2194,A,1424.4434,N,7813.9008,E,272.0,A,9,91*7C
$BNRDD,5167,2026-05-24T04:41:56Z,40,1,2195,A,1424.4454,N,7813.9012,E,272.5,A,8,117*45
$BNRDD,5167,2026-05-24T04:42:01Z,41,2,2197,A,1424.4478,N,7813.9026,E,273.2,A,8,102*4F
$BNRDD,5167,2026-05-24T04:42:06Z,41,2,2199,A,1424.4510,N,7813.9036,E,272.5,A,9,91*74
$BNRDD,5167,2026-05-24T04:42:11Z,40,5,2204,A,1424.4524,N,7813.9039,E,273.0,A,9,91*7F
$BNRDD,5167,2026-05-24T04:42:16Z,39,1,2205,A,1424.4525,N,7813.9039,E,272.8,A,9,91*7B
$BNRDD,5167,2026-05-24T04:42:21Z,39,5,2210,A,1424.4526,N,7813.9037,E,272.6,A,9,91*7C
$BNRDD,5167,2026-05-24T04:42:26Z,38,2,2212,A,1424.4550,N,7813.9048,E,273.2,A,9,91*73
$BNRDD,5167,2026-05-24T04:42:31Z,33,1,2213,A,1424.4578,N,7813.9055,E,273.0,A,9,91*78
$BNRDD,5167,2026-05-24T04:42:36Z,39,8,2221,A,1424.4597,N,7813.9059,E,273.1,A,10,91*49
$BNRDD,5167,2026-05-24T04:42:41Z,37,1,2222,A,1424.4607,N,7813.9057,E,272.9,A,8,101*41
$BNRDD,5167,2026-05-24T04:42:46Z,36,2,2224,A,1424.4619,N,7813.9054,E,273.1,A,9,91*7E
$BNRDD,5167,2026-05-24T04:42:51Z,33,3,2227,A,1424.4631,N,7813.9027,E,272.9,A,9,91*78
$BNRDD,5167,2026-05-24T04:42:56Z,35,3,2230,A,1424.4636,N,7813.8994,E,273.7,A,9,91*77
$BNRDD,5167,2026-05-24T04:43:01Z,37,4,2234,A,1424.4641,N,7813.8981,E,274.3,A,9,91*72
$BNRDD,5167,2026-05-24T04:43:06Z,37,2,2236,A,1424.4669,N,7813.8986,E,275.1,A,9,91*7F
$BNRDD,5167,2026-05-24T04:43:11Z,33,1,2237,A,1424.4703,N,7813.8991,E,273.6,A,9,91*75
$BNRDD,5167,2026-05-24T04:43:16Z,39,7,2244,A,1424.4733,N,7813.9002,E,273.2,A,7,126*4C
$BNRDD,5167,2026-05-24T04:43:21Z,39,5,2249,A,1424.4767,N,7813.9011,E,272.5,A,9,91*71
$BNRDD,5167,2026-05-24T04:43:26Z,40,3,2252,A,1424.4799,N,7813.9019,E,273.3,A,8,102*40
$BNRDD,5167,2026-05-24T04:43:31Z,41,2,2254,A,1424.4831,N,7813.9029,E,273.4,A,9,91*73
$BNRDD,5167,2026-05-24T04:43:36Z,36,3,2257,A,1424.4855,N,7813.9044,E,275.4,A,10,79*47
$BNRDD,5167,2026-05-24T04:43:41Z,40,5,2262,A,1424.4882,N,7813.9056,E,276.0,A,9,91*76
$BNRDD,5167,2026-05-24T04:43:46Z,44,6,2268,A,1424.4911,N,7813.9066,E,277.5,A,10,79*4E
$BNRDD,5167,2026-05-24T04:43:51Z,43,2,2270,A,1424.4942,N,7813.9081,E,278.1,A,10,79*46
$BNRDD,5167,2026-05-24T04:43:56Z,42,2,2272,A,1424.4976,N,7813.9095,E,278.2,A,9,91*7D
$BNRDD,5167,2026-05-24T04:44:01Z,38,0,2272,A,1424.5010,N,7813.9106,E,278.4,A,10,79*4C
$BNRDD,5167,2026-05-24T04:44:06Z,36,0,2272,A,1424.5045,N,7813.9119,E,277.6,A,10,79*46
$BNRDD,5167,2026-05-24T04:44:11Z,37,2,2274,A,1424.5075,N,7813.9128,E,278.1,A,10,79*4C
$BNRDD,5167,2026-05-24T04:44:16Z,33,3,2277,A,1424.5109,N,7813.9134,E,277.5,A,10,79*41
$BNRDD,5167,2026-05-24T04:44:21Z,33,5,2282,A,1424.5143,N,7813.9142,E,277.1,A,10,79*42
$BNRDD,5167,2026-05-24T04:44:26Z,33,3,2285,A,1424.5178,N,7813.9148,E,275.8,A,9,86*75
$BNRDD,5167,2026-05-24T04:44:31Z,34,3,2288,A,1424.5204,N,7813.9156,E,275.9,A,9,80*79
$BNRDD,5167,2026-05-24T04:44:36Z,38,7,2295,A,1424.5224,N,7813.9170,E,277.4,A,10,79*4D
$BNRDD,5167,2026-05-24T04:44:41Z,35,2,2297,A,1424.5254,N,7813.9177,E,277.8,A,10,91*4D
$BNRDD,5167,2026-05-24T04:44:46Z,31,2,2299,A,1424.5277,N,7813.9187,E,276.8,A,9,87*70
$BNRDD,5167,2026-05-24T04:44:51Z,31,2,2301,A,1424.5278,N,7813.9187,E,276.4,A,8,87*74
$BNRDD,5167,2026-05-24T04:44:56Z,31,2,2303,A,1424.5280,N,7813.9186,E,275.4,A,8,88*7B
$BNRDD,5167,2026-05-24T04:45:01Z,33,2,2305,A,1424.5281,N,7813.9184,E,275.0,A,8,88*7B
$BNRDD,5167,2026-05-24T04:45:06Z,33,0,2305,A,1424.5281,N,7813.9185,E,275.1,A,8,88*7E
$BNRDD,5167,2026-05-24T04:45:11Z,32,1,2306,A,1424.5281,N,7813.9185,E,275.1,A,9,87*75
$BNRDD,5167,2026-05-24T04:45:16Z,32,3,2309,A,1424.5282,N,7813.9186,E,274.6,A,9,87*79
$BNRDD,5167,2026-05-24T04:45:21Z,30,3,2312,A,1424.5286,N,7813.9188,E,273.6,A,8,104*43
$BNRDD,5167,2026-05-24T04:45:26Z,32,5,2317,A,1424.5290,N,7813.9190,E,272.5,A,9,87*72
$BNRDD,5167,2026-05-24T04:45:31Z,32,3,2320,A,1424.5293,N,7813.9191,E,271.9,A,8,109*4D
$BNRDD,5167,2026-05-24T04:45:36Z,30,5,2325,A,1424.5295,N,7813.9191,E,271.6,A,9,88*7B
$BNRDD,5167,2026-05-24T04:45:41Z,30,2,2327,A,1424.5296,N,7813.9193,E,271.5,A,7,105*46
$BNRDD,5167,2026-05-24T04:45:46Z,29,1,2328,A,1424.5315,N,7813.9195,E,271.5,A,9,87*7C
$BNRDD,5167,2026-05-24T04:45:51Z,30,3,2331,A,1424.5348,N,7813.9203,E,268.5,A,9,87*74
$BNRDD,5167,2026-05-24T04:45:56Z,32,4,2335,A,1424.5375,N,7813.9212,E,267.5,A,9,92*77
$BNRDD,5167,2026-05-24T04:46:01Z,34,4,2339,A,1424.5403,N,7813.9224,E,268.7,A,9,92*72
$BNRDD,5167,2026-05-24T04:46:06Z,36,2,2341,A,1424.5432,N,7813.9236,E,269.0,A,9,87*7D
$BNRDD,5167,2026-05-24T04:46:11Z,40,5,2346,A,1424.5467,N,7813.9246,E,267.5,A,9,87*76
$BNRDD,5167,2026-05-24T04:46:16Z,42,5,2351,A,1424.5491,N,7813.9230,E,268.3,A,9,84*77
$BNRDD,5167,2026-05-24T04:46:21Z,41,2,2353,A,1424.5519,N,7813.9238,E,269.6,A,9,87*7B
$BNRDD,5167,2026-05-24T04:46:26Z,40,4,2357,A,1424.5548,N,7813.9252,E,271.3,A,10,79*42
$BNRDD,5167,2026-05-24T04:46:31Z,41,4,2361,A,1424.5575,N,7813.9265,E,271.9,A,10,79*40
$BNRDD,5167,2026-05-24T04:46:36Z,38,2,2363,A,1424.5607,N,7813.9274,E,272.6,A,9,92*7A
$BNRDD,5167,2026-05-24T04:46:41Z,39,3,2366,A,1424.5639,N,7813.9284,E,272.2,A,9,92*79
$BNRDD,5167,2026-05-24T04:46:46Z,40,2,2368,A,1424.5675,N,7813.9290,E,271.7,A,9,92*74
$BNRDD,5167,2026-05-24T04:46:51Z,38,1,2369,A,1424.5708,N,7813.9297,E,271.0,A,9,92*74
$BNRDD,5167,2026-05-24T04:46:56Z,36,2,2371,A,1424.5738,N,7813.9307,E,271.5,A,9,87*7D
$BNRDD,5167,2026-05-24T04:47:01Z,33,1,2372,A,1424.5771,N,7813.9317,E,271.9,A,9,87*7B
$BNRDD,5167,2026-05-24T04:47:06Z,36,5,2377,A,1424.5806,N,7813.9323,E,272.0,A,9,87*7A
$BNRDD,5167,2026-05-24T04:47:11Z,35,4,2381,A,1424.5838,N,7813.9332,E,272.8,A,8,92*77
$BNRDD,5167,2026-05-24T04:47:16Z,33,3,2384,A,1424.5867,N,7813.9342,E,273.3,A,9,84*75
$BNRDD,5167,2026-05-24T04:47:21Z,33,2,2386,A,1424.5898,N,7813.9351,E,273.1,A,8,90*76
$BNRDD,5167,2026-05-24T04:47:26Z,33,4,2390,A,1424.5925,N,7813.9356,E,274.3,A,6,122*43
$BNRDD,5167,2026-05-24T04:47:31Z,33,4,2394,A,1424.5957,N,7813.9364,E,274.6,A,9,94*73
$BNRDD,5167,2026-05-24T04:47:36Z,35,4,2398,A,1424.5987,N,7813.9375,E,275.0,A,9,92*72
$BNRDD,5167,2026-05-24T04:47:41Z,36,4,2402,A,1424.6015,N,7813.9386,E,275.4,A,9,92*7C
$BNRDD,5167,2026-05-24T04:47:46Z,37,3,2405,A,1424.6038,N,7813.9407,E,274.8,A,9,92*76
$BNRDD,5167,2026-05-24T04:47:51Z,41,5,2410,A,1424.6054,N,7813.9423,E,275.3,A,10,79*48
$BNRDD,5167,2026-05-24T04:47:56Z,40,1,2411,A,1424.6055,N,7813.9435,E,276.2,A,8,94*75
$BNRDD,5167,2026-05-24T04:48:01Z,39,0,2411,A,1424.6061,N,7813.9450,E,278.7,A,9,82*7E
$BNRDD,5167,2026-05-24T04:48:06Z,39,5,2416,A,1424.6061,N,7813.9474,E,281.3,A,10,79*43
$BNRDD,5167,2026-05-24T04:48:11Z,37,2,2418,A,1424.6071,N,7813.9489,E,282.9,A,9,82*74
$BNRDD,5167,2026-05-24T04:48:16Z,39,5,2423,A,1424.6079,N,7813.9489,E,283.9,A,8,83*7B
$BNRDD,5167,2026-05-24T04:48:21Z,41,4,2427,A,1424.6083,N,7813.9484,E,284.7,A,9,81*77
$BNRDD,5167,2026-05-24T04:48:26Z,38,1,2428,A,1424.6085,N,7813.9487,E,283.6,A,7,98*71
$BNRDD,5167,2026-05-24T04:48:31Z,36,2,2430,A,1424.6086,N,7813.9489,E,279.9,A,8,123*4A
$BNRDD,5167,2026-05-24T04:48:36Z,32,0,2430,A,1424.6086,N,7813.9493,E,277.8,A,7,137*45
$BNRDD,5167,2026-05-24T04:48:41Z,30,2,2432,A,1424.6091,N,7813.9493,E,279.4,A,7,137*43
$BNRDD,5167,2026-05-24T04:48:46Z,30,3,2435,A,1424.6084,N,7813.9477,E,281.3,A,8,96*79
$BNRDD,5167,2026-05-24T04:48:51Z,30,5,2440,A,1424.6085,N,7813.9475,E,282.7,A,7,154*4F
$BNRDD,5167,2026-05-24T04:48:56Z,34,5,2445,A,1424.6072,N,7813.9501,E,274.5,A,9,83*7D
$BNRDD,5167,2026-05-24T04:49:01Z,38,4,2449,A,1424.6074,N,7813.9483,E,271.8,A,9,82*7B
$BNRDD,5167,2026-05-24T04:49:06Z,34,1,2450,A,1424.6080,N,7813.9460,E,272.5,A,8,96*71
$BNRDD,5167,2026-05-24T04:49:11Z,36,4,2454,A,1424.6105,N,7813.9439,E,271.8,A,10,92*47
$BNRDD,5167,2026-05-24T04:49:16Z,35,4,2458,A,1424.6123,N,7813.9428,E,272.1,A,7,121*4E
$BNRDD,5167,2026-05-24T04:49:21Z,36,5,2463,A,1424.6116,N,7813.9426,E,272.9,A,10,119*7D
$BNRDD,5167,2026-05-24T04:49:26Z,39,4,2467,A,1424.6106,N,7813.9429,E,275.6,A,8,86*78
$BNRDD,5167,2026-05-24T04:49:31Z,42,5,2472,A,1424.6117,N,7813.9456,E,276.2,A,9,84*7B
$BNRDD,5167,2026-05-24T04:49:36Z,43,1,2473,A,1424.6150,N,7813.9462,E,275.6,A,9,84*7B
$BNRDD,5167,2026-05-24T04:49:41Z,44,3,2476,A,1424.6179,N,7813.9466,E,276.4,A,10,84*4D
$BNRDD,5167,2026-05-24T04:49:46Z,45,4,2480,A,1424.6216,N,7813.9477,E,276.3,A,9,107*4A
$BNRDD,5167,2026-05-24T04:49:51Z,40,0,2480,A,1424.6257,N,7813.9481,E,275.2,A,10,79*43
$BNRDD,5167,2026-05-24T04:49:56Z,41,6,2486,A,1424.6295,N,7813.9487,E,273.6,A,9,87*76
$BNRDD,5167,2026-05-24T04:50:01Z,38,1,2487,A,1424.6323,N,7813.9495,E,275.0,A,9,93*7E
$BNRDD,5167,2026-05-24T04:50:06Z,41,4,2491,A,1424.6361,N,7813.9502,E,273.9,A,8,107*4E
$BNRDD,5167,2026-05-24T04:50:11Z,38,1,2492,A,1424.6394,N,7813.9512,E,271.6,A,9,93*7B
$BNRDD,5167,2026-05-24T04:50:16Z,39,5,2497,A,1424.6426,N,7813.9517,E,271.3,A,10,93*4A
$BNRDD,5167,2026-05-24T04:50:21Z,38,4,2501,A,1424.6459,N,7813.9531,E,271.0,A,8,96*73
$BNRDD,5167,2026-05-24T04:50:26Z,40,6,2507,A,1424.6491,N,7813.9538,E,272.4,A,9,81*72
$BNRDD,5167,2026-05-24T04:50:31Z,37,2,2509,A,1424.6520,N,7813.9547,E,273.8,A,9,93*73
$BNRDD,5167,2026-05-24T04:50:36Z,40,4,2513,A,1424.6558,N,7813.9559,E,272.9,A,10,79*45
$BNRDD,5167,2026-05-24T04:50:41Z,40,3,2516,A,1424.6594,N,7813.9570,E,273.6,A,9,88*74
$BNRDD,5167,2026-05-24T04:50:46Z,39,3,2519,A,1424.6630,N,7813.9583,E,273.3,A,9,88*76
$BNRDD,5167,2026-05-24T04:50:51Z,42,3,2522,A,1424.6658,N,7813.9588,E,274.9,A,9,91*74
$BNRDD,5167,2026-05-24T04:50:56Z,41,5,2527,A,1424.6686,N,7813.9586,E,274.0,A,9,88*7F
$BNRDD,5167,2026-05-24T04:51:01Z,45,5,2532,A,1424.6721,N,7813.9591,E,274.1,A,9,88*77
$BNRDD,5167,2026-05-24T04:51:06Z,43,2,2534,A,1424.6748,N,7813.9598,E,276.0,A,8,108*4A
$BNRDD,5167,2026-05-24T04:51:11Z,42,0,2534,A,1424.6779,N,7813.9609,E,277.4,A,10,79*4D
$BNRDD,5167,2026-05-24T04:51:16Z,38,1,2535,A,1424.6813,N,7813.9621,E,276.5,A,9,88*78
$BNRDD,5167,2026-05-24T04:51:21Z,34,0,2535,A,1424.6844,N,7813.9633,E,275.5,A,10,79*45
$BNRDD,5167,2026-05-24T04:51:26Z,31,3,2538,A,1424.6878,N,7813.9648,E,275.9,A,10,79*46
$BNRDD,5167,2026-05-24T04:51:31Z,32,3,2541,A,1424.6907,N,7813.9660,E,277.0,A,9,88*73
$BNRDD,5167,2026-05-24T04:51:36Z,31,3,2544,A,1424.6940,N,7813.9661,E,277.0,A,9,88*70
$BNRDD,5167,2026-05-24T04:51:41Z,32,4,2548,A,1424.6975,N,7813.9669,E,277.2,A,9,88*74
$BNRDD,5167,2026-05-24T04:51:46Z,33,4,2552,A,1424.7017,N,7813.9679,E,275.3,A,9,90*7E
$BNRDD,5167,2026-05-24T04:51:51Z,33,3,2555,A,1424.7050,N,7813.9699,E,275.2,A,9,94*70
$BNRDD,5167,2026-05-24T04:51:56Z,32,4,2559,A,1424.7086,N,7813.9709,E,274.7,A,8,99*76
$BNRDD,5167,2026-05-24T04:52:01Z,31,4,2563,A,1424.7115,N,7813.9713,E,276.6,A,8,95*72
$BNRDD,5167,2026-05-24T04:52:06Z,31,2,2565,A,1424.7144,N,7813.9728,E,276.1,A,9,91*7B
$BNRDD,5167,2026-05-24T04:52:11Z,35,4,2569,A,1424.7173,N,7813.9737,E,276.2,A,10,84*46
$BNRDD,5167,2026-05-24T04:52:16Z,35,1,2570,A,1424.7210,N,7813.9738,E,275.3,A,7,136*49
$BNRDD,5167,2026-05-24T04:52:21Z,38,3,2573,A,1424.7237,N,7813.9735,E,278.2,A,6,152*46
$BNRDD,5167,2026-05-24T04:52:26Z,36,1,2574,A,1424.7276,N,7813.9747,E,277.6,A,8,120*4A
$BNRDD,5167,2026-05-24T04:52:31Z,35,2,2576,A,1424.7297,N,7813.9783,E,274.7,A,7,107*41
$BNRDD,5167,2026-05-24T04:52:36Z,38,6,2582,A,1424.7323,N,7813.9776,E,275.2,A,9,93*76
$BNRDD,5167,2026-05-24T04:52:41Z,38,4,2586,A,1424.7330,N,7813.9784,E,275.0,A,8,94*7B
$BNRDD,5167,2026-05-24T04:52:46Z,38,4,2590,A,1424.7334,N,7813.9785,E,275.5,A,8,105*42
$BNRDD,5167,2026-05-24T04:52:51Z,36,1,2591,A,1424.7364,N,7813.9788,E,274.5,A,9,90*7B
$BNRDD,5167,2026-05-24T04:52:56Z,36,4,2595,A,1424.7390,N,7813.9794,E,274.8,A,9,90*76
$BNRDD,5167,2026-05-24T04:53:01Z,33,1,2596,A,1424.7415,N,7813.9803,E,277.1,A,8,105*4B
$BNRDD,5167,2026-05-24T04:53:06Z,34,3,2599,A,1424.7440,N,7813.9812,E,279.7,A,7,193*4E
$BNRDD,5167,2026-05-24T04:53:11Z,35,5,2604,A,1424.7461,N,7813.9820,E,282.7,A,8,93*70
$BNRDD,5167,2026-05-24T04:53:16Z,36,2,2606,A,1424.7491,N,7813.9825,E,283.4,A,8,109*4B
$BNRDD,5167,2026-05-24T04:53:21Z,37,4,2610,A,1424.7518,N,7813.9830,E,284.0,A,6,250*49
$BNRDD,5167,2026-05-24T04:53:26Z,37,1,2611,A,1424.7559,N,7813.9840,E,282.9,A,8,103*4C
$BNRDD,5167,2026-05-24T04:53:31Z,41,6,2617,A,1424.7604,N,7813.9835,E,280.3,A,10,80*48
$BNRDD,5167,2026-05-24T04:53:36Z,36,1,2618,A,1424.7647,N,7813.9835,E,277.4,A,9,93*75
$BNRDD,5167,2026-05-24T04:53:41Z,33,1,2619,A,1424.7692,N,7813.9839,E,275.3,A,10,80*4A
$BNRDD,5167,2026-05-24T04:53:46Z,31,2,2621,A,1424.7728,N,7813.9851,E,274.5,A,10,80*4E
$BNRDD,5167,2026-05-24T04:53:51Z,32,2,2623,A,1424.7758,N,7813.9859,E,274.9,A,10,80*4A
$BNRDD,5167,2026-05-24T04:53:56Z,33,5,2628,A,1424.7788,N,7813.9868,E,275.1,A,10,80*46
$BNRDD,5167,2026-05-24T04:54:01Z,35,3,2631,A,1424.7821,N,7813.9879,E,274.0,A,11,74*4D
$BNRDD,5167,2026-05-24T04:54:06Z,38,6,2637,A,1424.7847,N,7813.9886,E,273.7,A,10,84*4A
$BNRDD,5167,2026-05-24T04:54:11Z,35,2,2639,A,1424.7877,N,7813.9891,E,274.3,A,11,74*43
$BNRDD,5167,2026-05-24T04:54:16Z,38,5,2644,A,1424.7907,N,7813.9903,E,273.5,A,10,83*40
$BNRDD,5167,2026-05-24T04:54:21Z,40,6,2650,A,1424.7939,N,7813.9911,E,273.3,A,11,74*4C
$BNRDD,5167,2026-05-24T04:54:26Z,42,3,2653,A,1424.7972,N,7813.9920,E,272.4,A,10,83*4D
$BNRDD,5167,2026-05-24T04:54:31Z,39,3,2656,A,1424.7998,N,7813.9926,E,272.6,A,11,74*4B
$BNRDD,5167,2026-05-24T04:54:36Z,42,4,2660,A,1424.8027,N,7813.9938,E,272.0,A,10,77*4B
$BNRDD,5167,2026-05-24T04:54:41Z,43,2,2662,A,1424.8056,N,7813.9943,E,272.4,A,11,74*42
$BNRDD,5167,2026-05-24T04:54:46Z,46,5,2667,A,1424.8087,N,7813.9954,E,272.1,A,11,74*4D
$BNRDD,5167,2026-05-24T04:54:51Z,47,3,2670,A,1424.8116,N,7813.9962,E,273.2,A,11,74*44
$BNRDD,5167,2026-05-24T04:54:56Z,44,2,2672,A,1424.8149,N,7813.9968,E,272.7,A,10,83*4E
$BNRDD,5167,2026-05-24T04:55:01Z,44,3,2675,A,1424.8179,N,7813.9980,E,272.6,A,11,74*46
$BNRDD,5167,2026-05-24T04:55:06Z,45,7,2682,A,1424.8213,N,7813.9983,E,273.0,A,11,83*4F
$BNRDD,5167,2026-05-24T04:55:11Z,47,4,2686,A,1424.8250,N,7813.9993,E,272.4,A,11,74*47
$BNRDD,5167,2026-05-24T04:55:16Z,43,1,2687,A,1424.8288,N,7814.0006,E,271.9,A,10,83*49
$BNRDD,5167,2026-05-24T04:55:21Z,45,8,2695,A,1424.8323,N,7814.0014,E,272.0,A,11,74*41
$BNRDD,5167,2026-05-24T04:55:26Z,45,3,2698,A,1424.8358,N,7814.0024,E,272.5,A,11,74*4A
$BNRDD,5167,2026-05-24T04:55:31Z,44,2,2700,A,1424.8395,N,7814.0035,E,272.6,A,11,74*4E
$BNRDD,5167,2026-05-24T04:55:36Z,42,2,2702,A,1424.8433,N,7814.0041,E,272.5,A,11,74*46
$BNRDD,5167,2026-05-24T04:55:41Z,47,7,2709,A,1424.8464,N,7814.0051,E,272.9,A,11,74*42
$BNRDD,5167,2026-05-24T04:55:46Z,43,1,2710,A,1424.8494,N,7814.0056,E,272.7,A,11,82*40
$BNRDD,5167,2026-05-24T04:55:51Z,43,3,2713,A,1424.8510,N,7814.0062,E,271.5,A,9,86*71
$BNRDD,5167,2026-05-24T04:55:56Z,44,3,2716,A,1424.8521,N,7814.0067,E,272.3,A,11,74*42
$BNRDD,5167,2026-05-24T04:56:01Z,46,5,2721,A,1424.8516,N,7814.0073,E,273.4,A,11,74*44
$BNRDD,5167,2026-05-24T04:56:06Z,42,3,2724,A,1424.8502,N,7814.0094,E,274.3,A,11,77*4B
$BNRDD,5167,2026-05-24T04:56:11Z,40,2,2726,A,1424.8488,N,7814.0121,E,273.7,A,10,80*4A
$BNRDD,5167,2026-05-24T04:56:16Z,42,3,2729,A,1424.8478,N,7814.0146,E,274.4,A,10,82*49
$BNRDD,5167,2026-05-24T04:56:21Z,38,4,2733,A,1424.8471,N,7814.0172,E,274.8,A,11,74*46
$BNRDD,5167,2026-05-24T04:56:26Z,40,5,2738,A,1424.8462,N,7814.0201,E,276.0,A,10,80*41
$BNRDD,5167,2026-05-24T04:56:31Z,42,4,2742,A,1424.8447,N,7814.0229,E,275.6,A,10,77*49
$BNRDD,5167,2026-05-24T04:56:36Z,42,2,2744,A,1424.8435,N,7814.0259,E,277.4,A,11,77*4D
$BNRDD,5167,2026-05-24T04:56:41Z,41,6,2750,A,1424.8420,N,7814.0287,E,278.4,A,11,77*47
$BNRDD,5167,2026-05-24T04:56:46Z,46,6,2756,A,1424.8416,N,7814.0313,E,280.9,A,9,95*77
$BNRDD,5167,2026-05-24T04:56:51Z,45,2,2758,A,1424.8402,N,7814.0338,E,281.4,A,11,77*4D
$BNRDD,5167,2026-05-24T04:56:56Z,44,2,2760,A,1424.8385,N,7814.0360,E,280.8,A,10,77*49
$BNRDD,5167,2026-05-24T04:57:01Z,42,3,2763,A,1424.8374,N,7814.0363,E,280.2,A,10,77*49
$BNRDD,5167,2026-05-24T04:57:06Z,42,3,2766,A,1424.8371,N,7814.0369,E,278.6,A,10,84*4B
$BNRDD,5167,2026-05-24T04:57:11Z,43,3,2769,A,1424.8369,N,7814.0371,E,277.8,A,9,95*7A
$BNRDD,5167,2026-05-24T04:57:16Z,46,6,2775,A,1424.8369,N,7814.0374,E,277.0,A,8,95*7C
$BNRDD,5167,2026-05-24T04:57:21Z,43,1,2776,A,1424.8370,N,7814.0377,E,277.2,A,9,95*71
$BNRDD,5167,2026-05-24T04:57:26Z,40,2,2778,A,1424.8373,N,7814.0378,E,277.5,A,10,89*46
$BNRDD,5167,2026-05-24T04:57:31Z,41,5,2783,A,1424.8378,N,7814.0383,E,277.6,A,8,86*78
$BNRDD,5167,2026-05-24T04:57:36Z,41,2,2785,A,1424.8373,N,7814.0388,E,277.0,A,8,95*7A
$BNRDD,5167,2026-05-24T04:57:41Z,43,8,2793,A,1424.8383,N,7814.0393,E,277.3,A,7,100*41
$BNRDD,5167,2026-05-24T04:57:46Z,39,2,2795,A,1424.8391,N,7814.0392,E,276.3,A,8,95*76
$BNRDD,5167,2026-05-24T04:57:51Z,38,1,2796,A,1424.8389,N,7814.0390,E,277.3,A,9,95*7A
$BNRDD,5167,2026-05-24T04:57:56Z,44,8,2804,A,1424.8376,N,7814.0389,E,277.1,A,10,82*4F
$BNRDD,5167,2026-05-24T04:58:01Z,48,7,2811,A,1424.8357,N,7814.0390,E,276.7,A,7,104*40
$BNRDD,5167,2026-05-24T04:58:06Z,49,4,2815,A,1424.8362,N,7814.0396,E,275.0,A,7,97*7E
$BNRDD,5167,2026-05-24T04:58:11Z,52,6,2821,A,1424.8369,N,7814.0379,E,272.7,A,4,172*44
$BNRDD,5167,2026-05-24T04:58:16Z,48,2,2823,A,1424.8366,N,7814.0388,E,272.5,A,0,186*42
$BNRDD,5167,2026-05-24T04:58:21Z,53,6,2829,A,0000.0000,N,0000.0000,E,272.5,V,0,186*54
$BNRDD,5167,2026-05-24T04:58:26Z,54,3,2832,A,0000.0000,N,0000.0000,E,272.5,V,0,186*5B
$BNRDD,5167,2026-05-24T04:58:31Z,55,6,2838,A,0000.0000,N,0000.0000,E,272.5,V,0,186*53
$BNRDD,5167,2026-05-24T04:58:36Z,58,5,2843,A,0000.0000,N,0000.0000,E,272.5,V,0,186*56
$BNRDD,5167,2026-05-24T04:58:41Z,56,6,2849,A,0000.0000,N,0000.0000,E,272.5,V,0,186*51
$BNRDD,5167,2026-05-24T04:58:46Z,60,6,2855,A,0000.0000,N,0000.0000,E,272.5,V,0,186*5E
$BNRDD,5167,2026-05-24T04:58:51Z,63,4,2859,A,0000.0000,N,0000.0000,E,272.5,V,0,186*55
$BNRDD,5167,2026-05-24T04:58:56Z,60,5,2864,A,0000.0000,N,0000.0000,E,272.5,V,0,186*5E
$BNRDD,5167,2026-05-24T04:59:01Z,59,6,2870,A,0000.0000,N,0000.0000,E,272.5,V,0,186*51
$BNRDD,5167,2026-05-24T04:59:06Z,59,4,2874,A,0000.0000,N,0000.0000,E,272.5,V,0,186*50
$BNRDD,5167,2026-05-24T04:59:11Z,55,2,2876,A,0000.0000,N,0000.0000,E,272.5,V,0,186*5E
$BNRDD,5167,2026-05-24T04:59:16Z,53,0,2876,A,0000.0000,N,0000.0000,E,272.5,V,0,186*5D
$BNRDD,5167,2026-05-24T04:59:21Z,50,3,2879,A,0000.0000,N,0000.0000,E,272.5,V,0,186*56
$BNRDD,5167,2026-05-24T04:59:26Z,50,3,2882,A,0000.0000,N,0000.0000,E,272.5,V,0,186*55
$BNRDD,5167,2026-05-24T04:59:31Z,49,5,2887,A,0000.0000,N,0000.0000,E,272.5,V,0,186*58
$BNRDD,5167,2026-05-24T04:59:36Z,48,4,2891,A,0000.0000,N,0000.0000,E,272.5,V,0,186*58
$BNRDD,5167,2026-05-24T04:59:41Z,48,6,2897,A,0000.0000,N,0000.0000,E,272.5,V,0,186*5C
$BNRDD,5167,2026-05-24T04:59:46Z,44,2,2899,A,0000.0000,N,0000.0000,E,272.5,V,0,186*5D
$BNRDD,5167,2026-05-24T04:59:51Z,45,5,2904,A,0000.0000,N,0000.0000,E,272.5,V,0,186*58
$BNRDD,5167,2026-05-24T04:59:56Z,43,3,2907,A,0000.0000,N,0000.0000,E,272.5,V,0,186*5C
$BNRDD,5167,2026-05-24T05:00:01Z,43,6,2913,A,0000.0000,N,0000.0000,E,272.5,V,0,186*53
$BNRDD,5167,2026-05-24T05:00:06Z,41,2,2915,A,0000.0000,N,0000.0000,E,272.5,V,0,186*54
$BNRDD,5167,2026-05-24T05:00:11Z,45,6,2921,A,0000.0000,N,0000.0000,E,272.5,V,0,186*55
$BNRDD,5167,2026-05-24T05:00:16Z,48,3,2924,A,0000.0000,N,0000.0000,E,272.5,V,0,186*5F
$BNRDD,5167,2026-05-24T05:00:21Z,48,3,2927,A,0000.0000,N,0000.0000,E,272.5,V,0,186*58
$BNRDD,5167,2026-05-24T05:00:26Z,51,6,2933,A,0000.0000,N,0000.0000,E,272.5,V,0,186*57
$BNRDD,5167,2026-05-24T05:00:31Z,51,5,2938,A,0000.0000,N,0000.0000,E,272.5,V,0,186*59
$BNRDD,5167,2026-05-24T05:00:36Z,49,2,2940,A,0000.0000,N,0000.0000,E,272.5,V,0,186*5F
$BNRDD,5167,2026-05-24T05:00:41Z,44,1,2941,A,0000.0000,N,0000.0000,E,272.5,V,0,186*50
$BNRDD,5167,2026-05-24T05:00:46Z,45,3,2944,A,0000.0000,N,0000.0000,E,272.5,V,0,186*51
$BNRDD,5167,2026-05-24T05:00:51Z,46,6,2950,A,0000.0000,N,0000.0000,E,272.5,V,0,186*54
$BNRDD,5167,2026-05-24T05:00:56Z,45,2,2952,A,0000.0000,N,0000.0000,E,272.5,V,0,186*56
$BNRDD,5167,2026-05-24T05:01:01Z,43,4,2956,A,0000.0000,N,0000.0000,E,272.5,V,0,186*51
$BNRDD,5167,2026-05-24T05:01:06Z,43,2,2958,A,0000.0000,N,0000.0000,E,272.5,V,0,186*5E
$BNRDD,5167,2026-05-24T05:01:11Z,43,6,2964,A,0000.0000,N,0000.0000,E,272.5,V,0,186*53
$BNRDD,5167,2026-05-24T05:01:16Z,43,3,2967,A,0000.0000,N,0000.0000,E,272.5,V,0,186*52
$BNRDD,5167,2026-05-24T05:01:21Z,44,4,2971,A,0000.0000,N,0000.0000,E,272.5,V,0,186*51
$BNRDD,5167,2026-05-24T05:01:26Z,43,5,2976,A,0000.0000,N,0000.0000,E,272.5,V,0,186*57
$BNRDD,5167,2026-05-24T05:01:31Z,46,8,2984,A,0000.0000,N,0000.0000,E,272.5,V,0,186*54
$BNRDD,5167,2026-05-24T05:01:36Z,50,6,2990,A,0000.0000,N,0000.0000,E,272.5,V,0,186*5F
$BNRDD,5167,2026-05-24T05:01:41Z,58,9,2999,A,0000.0000,N,0000.0000,E,272.5,V,0,186*51
$BNRDD,5167,2026-05-24T05:01:46Z,60,5,3004,A,0000.0000,N,0000.0000,E,272.5,V,0,186*5D
$BNRDD,5167,2026-05-24T05:01:51Z,57,3,3007,A,0000.0000,N,0000.0000,E,272.5,V,0,186*5A
$BNRDD,5167,2026-05-24T05:01:56Z,57,2,3009,A,0000.0000,N,0000.0000,E,272.5,V,0,186*52
$BNRDD,5167,2026-05-24T05:02:01Z,57,4,3013,A,0000.0000,N,0000.0000,E,272.5,V,0,186*5E
$BNRDD,5167,2026-05-24T05:02:06Z,62,7,3020,A,0000.0000,N,0000.0000,E,272.5,V,0,186*5C
$BNRDD,5167,2026-05-24T05:02:11Z,57,1,3021,A,0000.0000,N,0000.0000,E,272.5,V,0,186*5B
$BNRDD,5167,2026-05-24T05:02:16Z,60,6,3027,A,0000.0000,N,0000.0000,E,272.5,V,0,186*59
$BNRDD,5167,2026-05-24T05:02:21Z,59,3,3030,A,0000.0000,N,0000.0000,E,272.5,V,0,186*54
$BNRDD,5167,2026-05-24T05:02:26Z,57,3,3033,A,0000.0000,N,0000.0000,E,272.5,V,0,186*5E
$BNRDD,5167,2026-05-24T05:02:31Z,59,10,3043,A,0000.0000,N,0000.0000,E,272.5,V,0,186*63
$BNRDD,5167,2026-05-24T05:02:36Z,57,4,3047,A,0000.0000,N,0000.0000,E,272.5,V,0,186*5B
$BNRDD,5167,2026-05-24T05:02:41Z,54,6,3053,A,0000.0000,N,0000.0000,E,272.5,V,0,186*5F
$BNRDD,5167,2026-05-24T05:02:46Z,53,4,3057,A,0000.0000,N,0000.0000,E,272.5,V,0,186*59
$BNRDD,5167,2026-05-24T05:02:51Z,54,4,3061,A,0000.0000,N,0000.0000,E,272.5,V,0,186*5D
$BNRDD,5167,2026-05-24T05:02:56Z,59,7,3068,A,0000.0000,N,0000.0000,E,272.5,V,0,186*5D
$BNRDD,5167,2026-05-24T05:03:01Z,60,5,3073,A,0000.0000,N,0000.0000,E,272.5,V,0,186*5C
$BNRDD,5167,2026-05-24T05:03:06Z,57,4,3077,A,0000.0000,N,0000.0000,E,272.5,V,0,186*5A
$BNRDD,5167,2026-05-24T05:03:11Z,61,5,3082,A,0000.0000,N,0000.0000,E,272.5,V,0,186*52
$BNRDD,5167,2026-05-24T05:03:16Z,58,3,3085,A,0000.0000,N,0000.0000,E,272.5,V,0,186*5E
$BNRDD,5167,2026-05-24T05:03:21Z,59,4,3089,A,0000.0000,N,0000.0000,E,272.5,V,0,186*50
$BNRDD,5167,2026-05-24T05:03:26Z,62,6,3095,A,0000.0000,N,0000.0000,E,272.5,V,0,186*50
$BNRDD,5167,2026-05-24T05:03:31Z,57,5,3100,A,0000.0000,N,0000.0000,E,272.5,V,0,186*5E
$BNRDD,5167,2026-05-24T05:03:36Z,54,1,3101,A,0000.0000,N,0000.0000,E,272.5,V,0,186*5F
$BNRDD,5167,2026-05-24T05:03:41Z,55,7,3108,A,0000.0000,N,0000.0000,E,272.5,V,0,186*51
$BNRDD,5167,2026-05-24T05:03:46Z,52,1,3109,A,0000.0000,N,0000.0000,E,272.5,V,0,186*56
$BNRDD,5167,2026-05-24T05:03:51Z,50,2,3111,A,0000.0000,N,0000.0000,E,272.5,V,0,186*58
$BNRDD,5167,2026-05-24T05:03:56Z,47,4,3115,A,0000.0000,N,0000.0000,E,272.5,V,0,186*5B
$BNRDD,5167,2026-05-24T05:04:01Z,50,8,3123,A,0000.0000,N,0000.0000,E,272.5,V,0,186*51
$BNRDD,5167,2026-05-24T05:04:06Z,47,1,3124,A,0000.0000,N,0000.0000,E,272.5,V,0,186*5E
$BNRDD,5167,2026-05-24T05:04:11Z,46,4,3128,A,0000.0000,N,0000.0000,E,272.5,V,0,186*50
$BNRDD,5167,2026-05-24T05:04:16Z,46,3,3131,A,0000.0000,N,0000.0000,E,272.5,V,0,186*58
$BNRDD,5167,2026-05-24T05:04:21Z,45,3,3134,A,0000.0000,N,0000.0000,E,272.5,V,0,186*5A
$BNRDD,5167,2026-05-24T05:04:26Z,43,4,3138,A,0000.0000,N,0000.0000,E,272.5,V,0,186*50
$BNRDD,5167,2026-05-24T05:04:31Z,39,1,3139,A,1424.8320,N,7814.0388,E,271.3,A,7,102*45
$BNRDD,5167,2026-05-24T05:04:36Z,41,3,3142,A,1424.8346,N,7814.0376,E,273.1,A,9,85*72
$BNRDD,5167,2026-05-24T05:04:41Z,36,2,3144,A,1424.8366,N,7814.0344,E,273.7,A,8,98*7D
$BNRDD,5167,2026-05-24T05:04:46Z,39,4,3148,A,1424.8387,N,7814.0321,E,275.2,A,9,82*7A
$BNRDD,5167,2026-05-24T05:04:51Z,38,1,3149,A,1424.8406,N,7814.0294,E,276.8,A,8,88*7A
$BNRDD,5167,2026-05-24T05:04:56Z,40,6,3155,A,1424.8425,N,7814.0267,E,278.2,A,10,80*40
$BNRDD,5167,2026-05-24T05:05:01Z,33,1,3156,A,1424.8437,N,7814.0237,E,279.9,A,10,80*4F
$BNRDD,5167,2026-05-24T05:05:06Z,38,6,3162,A,1424.8456,N,7814.0207,E,279.4,A,10,80*4A
$BNRDD,5167,2026-05-24T05:05:11Z,39,5,3167,A,1424.8474,N,7814.0170,E,278.3,A,11,74*44
$BNRDD,5167,2026-05-24T05:05:16Z,37,1,3168,A,1424.8493,N,7814.0139,E,278.4,A,11,74*45
$BNRDD,5167,2026-05-24T05:05:21Z,37,3,3171,A,1424.8512,N,7814.0111,E,279.1,A,11,74*4D
$BNRDD,5167,2026-05-24T05:05:26Z,34,1,3172,A,1424.8529,N,7814.0080,E,279.1,A,9,88*73
$BNRDD,5167,2026-05-24T05:05:31Z,35,2,3174,A,1424.8548,N,7814.0046,E,278.9,A,11,74*4F
$BNRDD,5167,2026-05-24T05:05:36Z,39,7,3181,A,1424.8567,N,7814.0012,E,278.5,A,11,74*4B
$BNRDD,5167,2026-05-24T05:05:41Z,39,2,3183,A,1424.8584,N,7813.9980,E,279.2,A,11,74*4B
$BNRDD,5167,2026-05-24T05:05:46Z,35,0,3183,A,1424.8599,N,7813.9945,E,279.3,A,9,97*72
$BNRDD,5167,2026-05-24T05:05:51Z,36,2,3185,A,1424.8623,N,7813.9909,E,278.1,A,11,80*45
$BNRDD,5167,2026-05-24T05:05:56Z,35,5,3190,A,1424.8645,N,7813.9882,E,277.9,A,10,82*44
$BNRDD,5167,2026-05-24T05:06:01Z,38,4,3194,A,1424.8664,N,7813.9850,E,277.8,A,9,88*72
$BNRDD,5167,2026-05-24T05:06:06Z,34,2,3196,A,1424.8687,N,7813.9820,E,277.7,A,9,88*78
$BNRDD,5167,2026-05-24T05:06:11Z,34,5,3201,A,1424.8712,N,7813.9786,E,277.3,A,9,97*70
$BNRDD,5167,2026-05-24T05:06:16Z,38,5,3206,A,1424.8739,N,7813.9755,E,277.4,A,9,88*72
$BNRDD,5167,2026-05-24T05:06:21Z,37,2,3208,A,1424.8766,N,7813.9723,E,277.2,A,10,82*4F
$BNRDD,5167,2026-05-24T05:06:26Z,40,4,3212,A,1424.8792,N,7813.9693,E,276.6,A,10,82*41
$BNRDD,5167,2026-05-24T05:06:31Z,42,4,3216,A,1424.8820,N,7813.9670,E,276.4,A,10,82*48
$BNRDD,5167,2026-05-24T05:06:36Z,36,1,3217,A,1424.8843,N,7813.9644,E,277.2,A,10,82*4D
$BNRDD,5167,2026-05-24T05:06:41Z,37,3,3220,A,1424.8867,N,7813.9621,E,278.7,A,9,87*78
$BNRDD,5167,2026-05-24T05:06:46Z,41,4,3224,A,1424.8894,N,7813.9594,E,280.6,A,9,80*7D
$BNRDD,5167,2026-05-24T05:06:51Z,42,3,3227,A,1424.8925,N,7813.9565,E,278.6,A,9,87*79
$BNRDD,5167,2026-05-24T05:06:56Z,41,4,3231,A,1424.8954,N,7813.9538,E,277.2,A,11,82*44
$BNRDD,5167,2026-05-24T05:07:01Z,37,0,3231,A,1424.8980,N,7813.9512,E,276.1,A,10,82*40
$BNRDD,5167,2026-05-24T05:07:06Z,37,2,3233,A,1424.9007,N,7813.9486,E,274.9,A,10,82*46
$BNRDD,5167,2026-05-24T05:07:11Z,34,2,3235,A,1424.9029,N,7813.9464,E,276.1,A,11,74*47
$BNRDD,5167,2026-05-24T05:07:16Z,33,4,3239,A,1424.9057,N,7813.9439,E,275.2,A,9,89*77
$BNRDD,5167,2026-05-24T05:07:21Z,32,1,3240,A,1424.9088,N,7813.9414,E,273.2,A,10,82*41
$BNRDD,5167,2026-05-24T05:07:26Z,31,3,3243,A,1424.9118,N,7813.9392,E,272.6,A,10,82*40
$BNRDD,5167,2026-05-24T05:07:31Z,30,3,3246,A,1424.9147,N,7813.9369,E,272.8,A,9,95*7C
$BNRDD,5167,2026-05-24T05:07:36Z,32,3,3249,A,1424.9178,N,7813.9344,E,271.4,A,8,95*7B
$BNRDD,5167,2026-05-24T05:07:41Z,31,2,3251,A,1424.9206,N,7813.9319,E,272.6,A,10,82*4C
$BNRDD,5167,2026-05-24T05:07:46Z,30,3,3254,A,1424.9235,N,7813.9294,E,272.8,A,9,89*77
$BNRDD,5167,2026-05-24T05:07:51Z,30,3,3257,A,1424.9262,N,7813.9271,E,272.4,A,10,82*44
$BNRDD,5167,2026-05-24T05:07:56Z,34,8,3265,A,1424.9289,N,7813.9247,E,272.1,A,10,82*48
$BNRDD,5167,2026-05-24T05:08:01Z,38,4,3269,A,1424.9317,N,7813.9222,E,271.3,A,10,82*4D
$BNRDD,5167,2026-05-24T05:08:06Z,42,6,3275,A,1424.9343,N,7813.9197,E,270.9,A,11,82*4E
$BNRDD,5167,2026-05-24T05:08:11Z,43,3,3278,A,1424.9364,N,7813.9174,E,273.8,A,10,81*49
$BNRDD,5167,2026-05-24T05:08:16Z,43,4,3282,A,1424.9383,N,7813.9152,E,275.9,A,11,74*4D
$BNRDD,5167,2026-05-24T05:08:21Z,44,2,3284,A,1424.9402,N,7813.9125,E,278.4,A,11,74*40
$BNRDD,5167,2026-05-24T05:08:26Z,46,5,3289,A,1424.9424,N,7813.9100,E,281.4,A,9,100*41
$BNRDD,5167,2026-05-24T05:08:31Z,43,0,3289,A,1424.9445,N,7813.9079,E,284.7,A,9,122*49
$BNRDD,5167,2026-05-24T05:08:36Z,41,1,3290,A,1424.9469,N,7813.9056,E,284.2,A,10,81*43
$BNRDD,5167,2026-05-24T05:08:41Z,43,4,3294,A,1424.9497,N,7813.9026,E,282.4,A,10,100*7E
$BNRDD,5167,2026-05-24T05:08:46Z,41,1,3295,A,1424.9531,N,7813.8996,E,279.1,A,9,85*74
$BNRDD,5167,2026-05-24T05:08:51Z,38,0,3295,A,1424.9562,N,7813.8971,E,277.0,A,8,104*44
$BNRDD,5167,2026-05-24T05:08:56Z,32,2,3297,A,1424.9592,N,7813.8944,E,276.4,A,8,96*7F
$BNRDD,5167,2026-05-24T05:09:01Z,30,2,3299,A,1424.9620,N,7813.8919,E,276.2,A,9,89*7B
$BNRDD,5167,2026-05-24T05:09:06Z,25,1,3300,A,1424.9649,N,7813.8891,E,275.7,A,9,98*72
$BNRDD,5167,2026-05-24T05:09:11Z,26,4,3304,A,1424.9681,N,7813.8867,E,274.4,A,11,74*42
$BNRDD,5167,2026-05-24T05:09:16Z,23,1,3305,A,1424.9712,N,7813.8841,E,272.8,A,10,82*49
$BNRDD,5167,2026-05-24T05:09:21Z,24,3,3308,A,1424.9742,N,7813.8817,E,272.5,A,10,82*4E
$BNRDD,5167,2026-05-24T05:09:26Z,23,4,3312,A,1424.9771,N,7813.8795,E,271.4,A,10,82*45
$BNRDD,5167,2026-05-24T05:09:31Z,27,4,3316,A,1424.9795,N,7813.8777,E,271.3,A,10,82*42
$BNRDD,5167,2026-05-24T05:09:36Z,30,4,3320,A,1424.9820,N,7813.8753,E,272.5,A,10,82*44
$BNRDD,5167,2026-05-24T05:09:41Z,29,3,3323,A,1424.9846,N,7813.8729,E,273.0,A,11,74*49
$BNRDD,5167,2026-05-24T05:09:46Z,29,1,3324,A,1424.9857,N,7813.8709,E,275.2,A,10,81*46
$BNRDD,5167,2026-05-24T05:09:51Z,36,7,3331,A,1424.9880,N,7813.8685,E,274.4,A,10,82*47
$BNRDD,5167,2026-05-24T05:09:56Z,41,7,3338,A,1424.9904,N,7813.8657,E,274.5,A,11,98*40
$BNRDD,5167,2026-05-24T05:10:01Z,45,6,3344,A,1424.9931,N,7813.8625,E,271.2,A,8,93*76
$BNRDD,5167,2026-05-24T05:10:06Z,46,2,3346,A,1424.9946,N,7813.8596,E,272.6,A,9,89*72
$BNRDD,5167,2026-05-24T05:10:11Z,42,0,3346,A,1424.9959,N,7813.8566,E,273.6,A,9,104*46
$BNRDD,5167,2026-05-24T05:10:16Z,50,9,3355,A,1424.9975,N,7813.8528,E,273.2,A,10,82*4E
$BNRDD,5167,2026-05-24T05:10:21Z,48,1,3356,A,1424.9992,N,7813.8488,E,272.2,A,9,88*79
$BNRDD,5167,2026-05-24T05:10:26Z,49,5,3361,A,1425.0006,N,7813.8451,E,271.9,A,9,88*7F
$BNRDD,5167,2026-05-24T05:10:31Z,48,3,3364,A,1425.0020,N,7813.8423,E,272.8,A,9,88*78
$BNRDD,5167,2026-05-24T05:10:36Z,45,1,3365,A,1425.0038,N,7813.8388,E,272.4,A,8,104*46
$BNRDD,5167,2026-05-24T05:10:41Z,45,3,3368,A,1425.0057,N,7813.8356,E,272.7,A,9,88*74
$BNRDD,5167,2026-05-24T05:10:46Z,48,4,3372,A,1425.0075,N,7813.8326,E,271.5,A,7,133*4B
$BNRDD,5167,2026-05-24T05:10:51Z,44,3,3375,A,1425.0096,N,7813.8298,E,270.4,A,10,81*46
$BNRDD,5167,2026-05-24T05:10:56Z,39,2,3377,A,1425.0117,N,7813.8281,E,267.7,A,11,81*4C
$BNRDD,5167,2026-05-24T05:11:01Z,40,7,3384,A,1425.0132,N,7813.8259,E,266.5,A,10,81*48
$BNRDD,5167,2026-05-24T05:11:06Z,41,3,3387,A,1425.0152,N,7813.8221,E,267.4,A,10,89*48
$BNRDD,5167,2026-05-24T05:11:11Z,45,4,3391,A,1425.0174,N,7813.8186,E,267.9,A,9,89*75
$BNRDD,5167,2026-05-24T05:11:16Z,37,1,3392,A,1425.0198,N,7813.8153,E,269.4,A,9,89*78
$BNRDD,5167,2026-05-24T05:11:21Z,36,0,3392,A,1425.0223,N,7813.8114,E,267.1,A,9,98*77
$BNRDD,5167,2026-05-24T05:11:26Z,34,3,3395,A,1425.0245,N,7813.8086,E,270.2,A,9,93*72
$BNRDD,5167,2026-05-24T05:11:31Z,34,3,3398,A,1425.0267,N,7813.8055,E,271.1,A,10,81*4E
$BNRDD,5167,2026-05-24T05:11:36Z,36,3,3401,A,1425.0289,N,7813.8025,E,272.8,A,7,128*45
$BNRDD,5167,2026-05-24T05:11:41Z,36,3,3404,A,1425.0312,N,7813.8001,E,273.9,A,10,81*41
$BNRDD,5167,2026-05-24T05:11:46Z,32,0,3404,A,1425.0332,N,7813.7988,E,278.2,A,10,81*44
$BNRDD,5167,2026-05-24T05:11:51Z,31,2,3406,A,1425.0352,N,7813.7968,E,280.2,A,8,112*4C
$BNRDD,5167,2026-05-24T05:11:56Z,33,4,3410,A,1425.0375,N,7813.7935,E,279.5,A,9,93*7D
$BNRDD,5167,2026-05-24T05:12:01Z,29,3,3413,A,1425.0397,N,7813.7896,E,278.8,A,9,93*7B
$BNRDD,5167,2026-05-24T05:12:06Z,28,2,3415,A,1425.0414,N,7813.7894,E,286.1,A,11,80*47
$BNRDD,5167,2026-05-24T05:12:11Z,25,1,3416,A,1425.0437,N,7813.7861,E,285.1,A,6,268*46
$BNRDD,5167,2026-05-24T05:12:16Z,26,2,3418,A,1425.0465,N,7813.7815,E,281.1,A,11,74*46
$BNRDD,5167,2026-05-24T05:12:21Z,28,2,3420,A,1425.0490,N,7813.7782,E,279.7,A,10,82*45
$BNRDD,5167,2026-05-24T05:12:26Z,26,1,3421,A,1425.0512,N,7813.7753,E,278.0,A,10,82*4F
$BNRDD,5167,2026-05-24T05:12:31Z,28,5,3426,A,1425.0542,N,7813.7719,E,272.2,A,9,98*74
$BNRDD,5167,2026-05-24T05:12:36Z,26,1,3427,A,1425.0570,N,7813.7690,E,269.5,A,8,125*42
$BNRDD,5167,2026-05-24T05:12:41Z,25,2,3429,A,1425.0594,N,7813.7663,E,268.4,A,10,82*4F
$BNRDD,5167,2026-05-24T05:12:46Z,31,6,3435,A,1425.0618,N,7813.7636,E,269.3,A,9,85*7A
$BNRDD,5167,2026-05-24T05:12:51Z,31,2,3437,A,1425.0639,N,7813.7601,E,268.2,A,9,87*7F
$BNRDD,5167,2026-05-24T05:12:56Z,28,1,3438,A,1425.0657,N,7813.7571,E,268.8,A,11,82*46
$BNRDD,5167,2026-05-24T05:13:01Z,28,3,3441,A,1425.0673,N,7813.7538,E,267.8,A,10,81*4F
$BNRDD,5167,2026-05-24T05:13:06Z,30,4,3445,A,1425.0693,N,7813.7509,E,268.1,A,11,74*43
$BNRDD,5167,2026-05-24T05:13:11Z,32,3,3448,A,1425.0709,N,7813.7488,E,269.5,A,11,81*48
$BNRDD,5167,2026-05-24T05:13:16Z,31,1,3449,A,1425.0731,N,7813.7480,E,270.3,A,11,81*42
$BNRDD,5167,2026-05-24T05:13:21Z,32,3,3452,A,1425.0763,N,7813.7469,E,268.6,A,10,81*40
$BNRDD,5167,2026-05-24T05:13:26Z,34,3,3455,A,1425.0775,N,7813.7450,E,271.3,A,9,88*77
$BNRDD,5167,2026-05-24T05:13:31Z,31,2,3457,A,1425.0796,N,7813.7420,E,270.7,A,10,81*49
$BNRDD,5167,2026-05-24T05:13:36Z,34,4,3461,A,1425.0816,N,7813.7402,E,269.7,A,11,74*4C
$BNRDD,5167,2026-05-24T05:13:41Z,35,3,3464,A,1425.0818,N,7813.7379,E,270.4,A,10,80*4B
$BNRDD,5167,2026-05-24T05:13:46Z,32,3,3467,A,1425.0832,N,7813.7347,E,270.9,A,11,74*4A
$BNRDD,5167,2026-05-24T05:13:51Z,31,1,3468,A,1425.0852,N,7813.7323,E,272.2,A,8,117*43
$BNRDD,5167,2026-05-24T05:13:56Z,36,6,3474,A,1425.0876,N,7813.7302,E,275.1,A,9,89*7F
$BNRDD,5167,2026-05-24T05:14:01Z,36,3,3477,A,1425.0898,N,7813.7290,E,279.4,A,8,89*7E
$BNRDD,5167,2026-05-24T05:14:06Z,35,3,3480,A,1425.0928,N,7813.7276,E,281.5,A,9,78*79
$BNRDD,5167,2026-05-24T05:14:11Z,33,1,3481,A,1425.0954,N,7813.7255,E,281.4,A,10,74*45
$BNRDD,5167,2026-05-24T05:14:16Z,37,5,3486,A,1425.0983,N,7813.7231,E,281.5,A,8,117*41
$BNRDD,5167,2026-05-24T05:14:21Z,37,3,3489,A,1425.1009,N,7813.7211,E,283.1,A,8,96*7A
$BNRDD,5167,2026-05-24T05:14:26Z,39,5,3494,A,1425.1039,N,7813.7186,E,283.1,A,7,101*47
$BNRDD,5167,2026-05-24T05:14:31Z,40,3,3497,A,1425.1069,N,7813.7175,E,283.0,A,8,96*72
$BNRDD,5167,2026-05-24T05:14:36Z,37,1,3498,A,1425.1094,N,7813.7151,E,282.6,A,9,89*74
$BNRDD,5167,2026-05-24T05:14:41Z,37,3,3501,A,1425.1117,N,7813.7119,E,280.8,A,10,89*45
$BNRDD,5167,2026-05-24T05:14:46Z,35,1,3502,A,1425.1137,N,7813.7090,E,280.8,A,8,94*76
$BNRDD,5167,2026-05-24T05:14:51Z,35,1,3503,A,1425.1149,N,7813.7032,E,277.0,A,9,99*7C
$BNRDD,5167,2026-05-24T05:14:56Z,31,2,3505,A,1425.1174,N,7813.6987,E,273.6,A,9,99*70
$BNRDD,5167,2026-05-24T05:15:01Z,31,3,3508,A,1425.1200,N,7813.6951,E,273.2,A,8,125*47
$BNRDD,5167,2026-05-24T05:15:06Z,32,4,3512,A,1425.1228,N,7813.6918,E,272.5,A,9,99*79
$BNRDD,5167,2026-05-24T05:15:11Z,35,4,3516,A,1425.1255,N,7813.6884,E,271.1,A,9,99*75
$BNRDD,5167,2026-05-24T05:15:16Z,34,4,3520,A,1425.1278,N,7813.6869,E,273.4,A,11,74*47
$BNRDD,5167,2026-05-24T05:15:21Z,35,4,3524,A,1425.1305,N,7813.6843,E,272.9,A,11,81*43
$BNRDD,5167,2026-05-24T05:15:26Z,34,4,3528,A,1425.1326,N,7813.6817,E,272.4,A,10,81*45
$BNRDD,5167,2026-05-24T05:15:31Z,34,3,3531,A,1425.1355,N,7813.6793,E,274.8,A,9,94*7D
$BNRDD,5167,2026-05-24T05:15:36Z,35,2,3533,A,1425.1375,N,7813.6767,E,276.5,A,9,94*7E
$BNRDD,5167,2026-05-24T05:15:41Z,37,5,3538,A,1425.1397,N,7813.6743,E,278.9,A,9,94*78
$BNRDD,5167,2026-05-24T05:15:46Z,39,3,3541,A,1425.1415,N,7813.6725,E,282.2,A,9,91*7F
$BNRDD,5167,2026-05-24T05:15:51Z,43,5,3546,A,1425.1433,N,7813.6708,E,286.1,A,10,94*44
$BNRDD,5167,2026-05-24T05:15:56Z,44,3,3549,A,1425.1457,N,7813.6657,E,281.1,A,8,105*43
$BNRDD,5167,2026-05-24T05:16:01Z,44,3,3552,A,1425.1490,N,7813.6634,E,280.1,A,9,89*73
$BNRDD,5167,2026-05-24T05:16:06Z,43,3,3555,A,1425.1500,N,7813.6611,E,284.2,A,9,94*70
$BNRDD,5167,2026-05-24T05:16:11Z,44,5,3560,A,1425.1506,N,7813.6594,E,291.7,A,10,80*45
$BNRDD,5167,2026-05-24T05:16:16Z,45,5,3565,A,1425.1521,N,7813.6582,E,296.9,A,5,476*44
$BNRDD,5167,2026-05-24T05:16:21Z,43,2,3567,A,1425.1545,N,7813.6554,E,298.1,A,9,86*7B
$BNRDD,5167,2026-05-24T05:16:26Z,42,3,3570,A,1425.1566,N,7813.6518,E,297.0,A,7,138*47
$BNRDD,5167,2026-05-24T05:16:31Z,42,3,3573,A,1425.1583,N,7813.6465,E,293.5,A,8,189*46
$BNRDD,5167,2026-05-24T05:16:36Z,42,2,3575,A,1425.1601,N,7813.6422,E,292.4,A,8,119*45
$BNRDD,5167,2026-05-24T05:16:41Z,42,5,3580,A,1425.1626,N,7813.6368,E,288.0,A,7,138*47
$BNRDD,5167,2026-05-24T05:16:46Z,43,4,3584,A,1425.1640,N,7813.6321,E,285.5,A,9,100*44
$BNRDD,5167,2026-05-24T05:16:51Z,38,0,3584,A,1425.1659,N,7813.6278,E,283.4,A,10,100*70
$BNRDD,5167,2026-05-24T05:16:56Z,35,0,3584,A,1425.1678,N,7813.6249,E,281.6,A,10,82*40
$BNRDD,5167,2026-05-24T05:17:01Z,34,2,3586,A,1425.1684,N,7813.6243,E,283.1,A,9,86*72
$BNRDD,5167,2026-05-24T05:17:06Z,32,1,3587,A,1425.1679,N,7813.6236,E,285.7,A,10,82*4D
$BNRDD,5167,2026-05-24T05:17:11Z,33,6,3593,A,1425.1695,N,7813.6224,E,292.7,A,9,84*71
$BNRDD,5167,2026-05-24T05:17:16Z,29,1,3594,A,1425.1708,N,7813.6225,E,297.2,A,8,112*46
$BNRDD,5167,2026-05-24T05:17:21Z,30,3,3597,A,1425.1729,N,7813.6233,E,298.2,A,8,100*43
$BNRDD,5167,2026-05-24T05:17:26Z,30,3,3600,A,1425.1788,N,7813.6223,E,287.9,A,8,92*7C
$BNRDD,5167,2026-05-24T05:17:31Z,33,6,3606,A,1425.1828,N,7813.6214,E,286.5,A,8,125*4B
$BNRDD,5167,2026-05-24T05:17:36Z,35,4,3610,A,1425.1866,N,7813.6213,E,287.0,A,9,112*43
$BNRDD,5167,2026-05-24T05:17:41Z,33,3,3613,A,1425.1919,N,7813.6241,E,285.1,A,9,88*7E
$BNRDD,5167,2026-05-24T05:17:46Z,33,4,3617,A,1425.1948,N,7813.6242,E,285.6,A,9,85*77
$BNRDD,5167,2026-05-24T05:17:51Z,35,2,3619,A,1425.1964,N,7813.6221,E,288.8,A,8,104*4E
$BNRDD,5167,2026-05-24T05:17:56Z,38,3,3622,A,1425.2000,N,7813.6223,E,289.6,A,5,352*44
$BNRDD,5167,2026-05-24T05:18:01Z,43,7,3629,A,1425.2040,N,7813.6228,E,289.7,A,6,134*45
$BNRDD,5167,2026-05-24T05:18:06Z,45,3,3632,A,1425.2071,N,7813.6237,E,291.3,A,6,138*47
$BNRDD,5167,2026-05-24T05:18:11Z,46,7,3639,A,1425.2100,N,7813.6251,E,294.7,A,9,87*71
$BNRDD,5167,2026-05-24T05:18:16Z,48,3,3642,A,1425.2146,N,7813.6246,E,292.3,A,9,100*48
$BNRDD,5167,2026-05-24T05:18:21Z,46,1,3643,A,1425.2182,N,7813.6228,E,286.0,A,10,82*44
$BNRDD,5167,2026-05-24T05:18:26Z,46,3,3646,A,1425.2195,N,7813.6196,E,284.4,A,8,126*44
$BNRDD,5167,2026-05-24T05:18:31Z,43,3,3649,A,1425.2202,N,7813.6166,E,284.5,A,8,120*4D
$BNRDD,5167,2026-05-24T05:18:36Z,46,7,3656,A,1425.2204,N,7813.6141,E,286.0,A,9,91*7B
$BNRDD,5167,2026-05-24T05:18:41Z,49,6,3662,A,1425.2214,N,7813.6153,E,291.6,A,9,105*4C
$BNRDD,5167,2026-05-24T05:18:46Z,49,4,3666,A,1425.2228,N,7813.6127,E,294.3,A,6,134*4C
$BNRDD,5167,2026-05-24T05:18:51Z,50,3,3669,A,1425.2245,N,7813.6116,E,294.6,A,7,119*48
$BNRDD,5167,2026-05-24T05:18:56Z,51,4,3673,A,1425.2260,N,7813.6089,E,292.3,A,8,91*7F
$BNRDD,5167,2026-05-24T05:19:01Z,50,6,3679,A,1425.2272,N,7813.6044,E,294.2,A,7,103*45
$BNRDD,5167,2026-05-24T05:19:06Z,54,7,3686,A,1425.2274,N,7813.6026,E,295.9,A,7,132*4D
$BNRDD,5167,2026-05-24T05:19:11Z,48,1,3687,A,1425.2269,N,7813.6009,E,293.1,A,8,107*47
$BNRDD,5167,2026-05-24T05:19:16Z,50,5,3692,A,1425.2254,N,7813.5993,E,292.2,A,9,86*75
$BNRDD,5167,2026-05-24T05:19:21Z,56,7,3699,A,1425.2242,N,7813.5982,E,290.9,A,11,73*43
$BNRDD,5167,2026-05-24T05:19:26Z,56,3,3702,A,1425.2233,N,7813.5969,E,294.2,A,11,73*4F
$BNRDD,5167,2026-05-24T05:19:31Z,59,6,3708,A,1425.2231,N,7813.5945,E,295.0,A,10,84*4F
$BNRDD,5167,2026-05-24T05:19:36Z,56,4,3712,A,1425.2240,N,7813.5933,E,297.9,A,5,369*46
$BNRDD,5167,2026-05-24T05:19:41Z,52,2,3714,A,1425.2222,N,7813.5947,E,302.6,A,8,91*7E
$BNRDD,5167,2026-05-24T05:19:46Z,50,2,3716,A,1425.2213,N,7813.5941,E,307.8,A,3,511*40
$BNRDD,5167,2026-05-24T05:19:51Z,55,8,3724,A,1425.2222,N,7813.5892,E,307.0,A,4,149*43
$BNRDD,5167,2026-05-24T05:19:56Z,57,6,3730,A,1425.2216,N,7813.5823,E,307.4,A,5,204*4F
$BNRDD,5167,2026-05-24T05:20:01Z,53,2,3732,A,1425.2212,N,7813.5808,E,309.3,A,6,162*41
$BNRDD,5167,2026-05-24T05:20:06Z,50,4,3736,A,1425.2215,N,7813.5815,E,309.6,A,6,149*40
$BNRDD,5167,2026-05-24T05:20:11Z,56,7,3743,A,0000.0000,N,0000.0000,E,309.7,V,0,196*51
$BNRDD,5167,2026-05-24T05:20:16Z,55,4,3747,A,0000.0000,N,0000.0000,E,309.7,V,0,196*52
$BNRDD,5167,2026-05-24T05:20:21Z,52,4,3751,A,0000.0000,N,0000.0000,E,309.7,V,0,196*56
$BNRDD,5167,2026-05-24T05:20:26Z,53,4,3755,A,0000.0000,N,0000.0000,E,309.7,V,0,196*54
$BNRDD,5167,2026-05-24T05:20:31Z,51,4,3759,A,0000.0000,N,0000.0000,E,309.7,V,0,196*5C
$BNRDD,5167,2026-05-24T05:20:36Z,50,3,3762,A,0000.0000,N,0000.0000,E,309.7,V,0,196*55
$BNRDD,5167,2026-05-24T05:20:41Z,52,4,3766,A,0000.0000,N,0000.0000,E,309.7,V,0,196*54
$BNRDD,5167,2026-05-24T05:20:46Z,55,5,3771,A,0000.0000,N,0000.0000,E,309.7,V,0,196*53
